Component: Arm Compiler for Embedded 6.21 Tool: armlink [5ec1fa00]

==============================================================================

Section Cross References

    startup_stm32h723xx.o(STACK) refers (Special) to heapauxi.o(.text) for __use_two_region_memory
    startup_stm32h723xx.o(HEAP) refers (Special) to heapauxi.o(.text) for __use_two_region_memory
    startup_stm32h723xx.o(RESET) refers (Special) to heapauxi.o(.text) for __use_two_region_memory
    startup_stm32h723xx.o(RESET) refers to startup_stm32h723xx.o(STACK) for __initial_sp
    startup_stm32h723xx.o(RESET) refers to startup_stm32h723xx.o(.text) for Reset_Handler
    startup_stm32h723xx.o(RESET) refers to stm32h7xx_it.o(.text.NMI_Handler) for NMI_Handler
    startup_stm32h723xx.o(RESET) refers to stm32h7xx_it.o(.text.HardFault_Handler) for HardFault_Handler
    startup_stm32h723xx.o(RESET) refers to stm32h7xx_it.o(.text.MemManage_Handler) for MemManage_Handler
    startup_stm32h723xx.o(RESET) refers to stm32h7xx_it.o(.text.BusFault_Handler) for BusFault_Handler
    startup_stm32h723xx.o(RESET) refers to stm32h7xx_it.o(.text.UsageFault_Handler) for UsageFault_Handler
    startup_stm32h723xx.o(RESET) refers to stm32h7xx_it.o(.text.SVC_Handler) for SVC_Handler
    startup_stm32h723xx.o(RESET) refers to stm32h7xx_it.o(.text.DebugMon_Handler) for DebugMon_Handler
    startup_stm32h723xx.o(RESET) refers to stm32h7xx_it.o(.text.PendSV_Handler) for PendSV_Handler
    startup_stm32h723xx.o(RESET) refers to stm32h7xx_it.o(.text.SysTick_Handler) for SysTick_Handler
    startup_stm32h723xx.o(RESET) refers to stm32h7xx_it.o(.text.DMA1_Stream0_IRQHandler) for DMA1_Stream0_IRQHandler
    startup_stm32h723xx.o(RESET) refers to stm32h7xx_it.o(.text.FDCAN1_IT0_IRQHandler) for FDCAN1_IT0_IRQHandler
    startup_stm32h723xx.o(RESET) refers to stm32h7xx_it.o(.text.FDCAN2_IT0_IRQHandler) for FDCAN2_IT0_IRQHandler
    startup_stm32h723xx.o(RESET) refers to stm32h7xx_it.o(.text.FDCAN1_IT1_IRQHandler) for FDCAN1_IT1_IRQHandler
    startup_stm32h723xx.o(RESET) refers to stm32h7xx_it.o(.text.FDCAN2_IT1_IRQHandler) for FDCAN2_IT1_IRQHandler
    startup_stm32h723xx.o(RESET) refers to stm32h7xx_it.o(.text.USART1_IRQHandler) for USART1_IRQHandler
    startup_stm32h723xx.o(RESET) refers to stm32h7xx_it.o(.text.USART2_IRQHandler) for USART2_IRQHandler
    startup_stm32h723xx.o(RESET) refers to stm32h7xx_it.o(.text.USART3_IRQHandler) for USART3_IRQHandler
    startup_stm32h723xx.o(RESET) refers to stm32h7xx_it.o(.text.FDCAN_CAL_IRQHandler) for FDCAN_CAL_IRQHandler
    startup_stm32h723xx.o(RESET) refers to stm32h7xx_it.o(.text.OTG_HS_IRQHandler) for OTG_HS_IRQHandler
    startup_stm32h723xx.o(RESET) refers to stm32h7xx_it.o(.text.UART7_IRQHandler) for UART7_IRQHandler
    startup_stm32h723xx.o(RESET) refers to stm32h7xx_it.o(.text.USART10_IRQHandler) for USART10_IRQHandler
    startup_stm32h723xx.o(RESET) refers to stm32h7xx_it.o(.text.FDCAN3_IT0_IRQHandler) for FDCAN3_IT0_IRQHandler
    startup_stm32h723xx.o(RESET) refers to stm32h7xx_it.o(.text.FDCAN3_IT1_IRQHandler) for FDCAN3_IT1_IRQHandler
    startup_stm32h723xx.o(RESET) refers to stm32h7xx_it.o(.text.TIM23_IRQHandler) for TIM23_IRQHandler
    startup_stm32h723xx.o(.text) refers (Special) to heapauxi.o(.text) for __use_two_region_memory
    startup_stm32h723xx.o(.text) refers to system_stm32h7xx.o(.text.ExitRun0Mode) for ExitRun0Mode
    startup_stm32h723xx.o(.text) refers to system_stm32h7xx.o(.text.SystemInit) for SystemInit
    startup_stm32h723xx.o(.text) refers to __main.o(!!!main) for __main
    startup_stm32h723xx.o(.text) refers to startup_stm32h723xx.o(HEAP) for Heap_Mem
    startup_stm32h723xx.o(.text) refers to startup_stm32h723xx.o(STACK) for Stack_Mem
    main.o(.text.main) refers to stm32h7xx_hal.o(.text.HAL_Init) for HAL_Init
    main.o(.text.main) refers to main.o(.text._Z18SystemClock_Configv) for SystemClock_Config()
    main.o(.text.main) refers to gpio.o(.text.MX_GPIO_Init) for MX_GPIO_Init
    main.o(.text.main) refers to dma.o(.text.MX_DMA_Init) for MX_DMA_Init
    main.o(.text.main) refers to adc.o(.text.MX_ADC1_Init) for MX_ADC1_Init
    main.o(.text.main) refers to usb_device.o(.text.MX_USB_DEVICE_Init) for MX_USB_DEVICE_Init
    main.o(.text.main) refers to tim.o(.text.MX_TIM12_Init) for MX_TIM12_Init
    main.o(.text.main) refers to spi.o(.text.MX_SPI1_Init) for MX_SPI1_Init
    main.o(.text.main) refers to spi.o(.text.MX_SPI6_Init) for MX_SPI6_Init
    main.o(.text.main) refers to spi.o(.text.MX_SPI2_Init) for MX_SPI2_Init
    main.o(.text.main) refers to tim.o(.text.MX_TIM3_Init) for MX_TIM3_Init
    main.o(.text.main) refers to usart.o(.text.MX_USART1_UART_Init) for MX_USART1_UART_Init
    main.o(.text.main) refers to usart.o(.text.MX_USART2_UART_Init) for MX_USART2_UART_Init
    main.o(.text.main) refers to usart.o(.text.MX_USART3_UART_Init) for MX_USART3_UART_Init
[...]
    read_all_motor_data                      0x0800de69   Thumb Code    28  dm_motor_ctrl.o(.text.read_all_motor_data)
    read_motor_data                          0x0800deb9   Thumb Code    54  dm_motor_drv.o(.text.read_motor_data)
    receive_motor_data                       0x0800def1   Thumb Code   562  dm_motor_ctrl.o(.text.receive_motor_data)
    save_motor_data                          0x0800e129   Thumb Code    48  dm_motor_drv.o(.text.save_motor_data)
    uart_task_init                           0x0800e159   Thumb Code    24  uart_task.o(.text.uart_task_init)
    uart_task_proc                           0x0800e171   Thumb Code   112  uart_task.o(.text.uart_task_proc)
    write_motor_data                         0x0800e209   Thumb Code    70  dm_motor_drv.o(.text.write_motor_data)
    _btod_d2e                                0x0800e24f   Thumb Code    62  btod.o(CL$$btod_d2e)
    _d2e_denorm_low                          0x0800e28d   Thumb Code    70  btod.o(CL$$btod_d2e_denorm_low)
    _d2e_norm_op1                            0x0800e2d3   Thumb Code    96  btod.o(CL$$btod_d2e_norm_op1)
    __btod_div_common                        0x0800e335   Thumb Code   696  btod.o(CL$$btod_div_common)
    _e2e                                     0x0800e66d   Thumb Code   220  btod.o(CL$$btod_e2e)
    _btod_ediv                               0x0800e749   Thumb Code    42  btod.o(CL$$btod_ediv)
    _btod_emul                               0x0800e773   Thumb Code    42  btod.o(CL$$btod_emul)
    __btod_mult_common                       0x0800e79d   Thumb Code   580  btod.o(CL$$btod_mult_common)
    __ARM_fpclassify                         0x0800e9e1   Thumb Code    48  fpclassify.o(i.__ARM_fpclassify)
    __ARM_fpclassifyf                        0x0800ea11   Thumb Code    38  fpclassifyf.o(i.__ARM_fpclassifyf)
    __hardfp_sinf                            0x0800ea39   Thumb Code   344  sinf.o(i.__hardfp_sinf)
    __mathlib_flt_infnan                     0x0800ebc9   Thumb Code     6  funder.o(i.__mathlib_flt_infnan)
    __mathlib_flt_invalid                    0x0800ebd1   Thumb Code    10  funder.o(i.__mathlib_flt_invalid)
    __mathlib_flt_underflow                  0x0800ebe1   Thumb Code    10  funder.o(i.__mathlib_flt_underflow)
    __mathlib_rredf2                         0x0800ebf1   Thumb Code   316  rredf.o(i.__mathlib_rredf2)
    _is_digit                                0x0800ed45   Thumb Code    14  __printf_wp.o(i._is_digit)
    _get_lc_numeric                          0x0800ed55   Thumb Code    44  lc_numeric_c.o(locale$$code)
    _get_lc_ctype                            0x0800ed81   Thumb Code    44  lc_ctype_c.o(locale$$code)
    _fp_init                                 0x0800edad   Thumb Code    26  fpinit.o(x$fpl$fpinit)
    __fplib_config_fpu_vfp                   0x0800edc5   Thumb Code     0  fpinit.o(x$fpl$fpinit)
    __fplib_config_pureend_doubles           0x0800edc5   Thumb Code     0  fpinit.o(x$fpl$fpinit)
    _printf_fp_dec                           0x0800edc7   Thumb Code     4  printf1.o(x$fpl$printf1)
    _printf_fp_hex                           0x0800edcb   Thumb Code     4  printf2.o(x$fpl$printf2)
    __I$use$fp                               0x0800edce   Number         0  usenofp.o(x$fpl$usenofp)
    D1CorePrescTable                         0x0800ef44   Data          16  system_stm32h7xx.o(.rodata.D1CorePrescTable)
    UARTPrescTable                           0x0800ef54   Data          24  stm32h7xx_hal_uart.o(.rodata.UARTPrescTable)
    Region$$Table$$Base                      0x0800f028   Number         0  anon$$obj.o(Region$$Table)
    Region$$Table$$Limit                     0x0800f068   Number         0  anon$$obj.o(Region$$Table)
    __ctype                                  0x0800f091   Data           0  lc_ctype_c.o(locale$$data)
    SHT$$INIT_ARRAY$$Base                    0x0800f194   Number         0  main.o(.init_array)
    SHT$$INIT_ARRAY$$Limit                   0x0800f198   Number         0  init_aeabi.o(.init_array)
    HS_Desc                                  0x20000000   Data          32  usbd_desc.o(.data.HS_Desc)
    SystemCoreClock                          0x20000020   Data           4  system_stm32h7xx.o(.data.SystemCoreClock)
    USBD_HS_DeviceDesc                       0x20000024   Data          18  usbd_desc.o(.data.USBD_HS_DeviceDesc)
    USBD_StringSerial                        0x20000038   Data          26  usbd_desc.o(.data.USBD_StringSerial)
    uwTickPrio                               0x20000054   Data           4  stm32h7xx_hal.o(.data.uwTickPrio)
    UserTxBufferHS                           0x20000058   Data        2048  usbd_cdc_if.o(.bss.UserTxBufferHS)
    Uart_Instance::printf(char const*, ...)::buffer 0x20000868   Data         256  uart_task.o(.bss._ZZN13Uart_Instance6printfEPKczE6buffer)
    hUsbDeviceHS                             0x20000968   Data         732  usb_device.o(.bss.hUsbDeviceHS)
    hdma_adc1                                0x20000c44   Data         120  adc.o(.bss.hdma_adc1)
    hfdcan2                                  0x20000cbc   Data         160  fdcan.o(.bss.hfdcan2)
    hospi2                                   0x20000d5c   Data          92  octospi.o(.bss.hospi2)
    hspi2                                    0x20000db8   Data         136  spi.o(.bss.hspi2)
    htim1                                    0x20000e40   Data          76  tim.o(.bss.htim1)
    htim23                                   0x20000e8c   Data          76  stm32h7xx_hal_timebase_tim.o(.bss.htim23)
    htim3                                    0x20000ed8   Data          76  tim.o(.bss.htim3)
    huart10                                  0x20000f24   Data         148  usart.o(.bss.huart10)
    huart2                                   0x20000fb8   Data         148  usart.o(.bss.huart2)
    huart7                                   0x2000104c   Data         148  usart.o(.bss.huart7)
    motor                                    0x200010e0   Data        2720  dm_motor_ctrl.o(.bss.motor)
    os                                       0x20001b80   Data         280  main.o(.bss.os)
    uart_log                                 0x20001c98   Data           8  main.o(.bss.uart_log)
    SystemD2Clock                            0x24000000   Data           4  system_stm32h7xx.o(.data.SystemD2Clock)
    USBD_CDC                                 0x24000004   Data          56  usbd_cdc.o(.data.USBD_CDC)
    USBD_Interface_fops_HS                   0x2400008c   Data          20  usbd_cdc_if.o(.data.USBD_Interface_fops_HS)
    USBD_LangIDDesc                          0x240000a0   Data           4  usbd_desc.o(.data.USBD_LangIDDesc)
    uwTickFreq                               0x240000a4   Data           1  stm32h7xx_hal.o(.data.uwTickFreq)
    __libspace_start                         0x240000a8   Data          96  libspace.o(.bss)
    __temporary_stack_top$libspace           0x24000108   Data           0  libspace.o(.bss)
    USBD_StrDesc                             0x24000110   Data         512  usbd_desc.o(.bss.USBD_StrDesc)
    UserRxBufferHS                           0x24000530   Data        2048  usbd_cdc_if.o(.bss.UserRxBufferHS)
    hadc1                                    0x24000d40   Data         112  adc.o(.bss.hadc1)
    hfdcan1                                  0x24000db0   Data         160  fdcan.o(.bss.hfdcan1)
    hfdcan3                                  0x24000e50   Data         160  fdcan.o(.bss.hfdcan3)
    hpcd_USB_OTG_HS                          0x24000ef0   Data        1252  usbd_conf.o(.bss.hpcd_USB_OTG_HS)
    hspi1                                    0x240013d4   Data         136  spi.o(.bss.hspi1)
    hspi6                                    0x2400145c   Data         136  spi.o(.bss.hspi6)
    htim12                                   0x240014e4   Data          76  tim.o(.bss.htim12)
    htim2                                    0x24001530   Data          76  tim.o(.bss.htim2)
    huart1                                   0x2400157c   Data         148  usart.o(.bss.huart1)
    huart3                                   0x24001610   Data         148  usart.o(.bss.huart3)
    uwTick                                   0x240016a4   Data           4  stm32h7xx_hal.o(.bss.uwTick)



==============================================================================

Memory Map of the image

  Image Entry point : 0x080002cd

  Load Region LR_IROM1 (Base: 0x08000000, Size: 0x0000f298, Max: 0x00100000, ABSOLUTE)

    Execution Region ER_IROM1 (Exec base: 0x08000000, Load base: 0x08000000, Size: 0x0000f198, Max: 0x00100000, ABSOLUTE)

    Exec Addr    Load Addr    Size         Type   Attr      Idx    E Section Name        Object

    0x08000000   0x08000000   0x000002cc   Data   RO            3    RESET               startup_stm32h723xx.o
    0x080002cc   0x080002cc   0x00000008   Code   RO         2938  * !!!main             c_w.l(__main.o)
    0x080002d4   0x080002d4   0x0000005c   Code   RO         3574    !!!scatter          c_w.l(__scatter.o)
    0x08000330   0x08000330   0x0000001a   Code   RO         3578    !!handler_copy      c_w.l(__scatter_copy.o)
    0x0800034a   0x0800034a   0x00000002   PAD
    0x0800034c   0x0800034c   0x00000002   Code   RO         3575    !!handler_null      c_w.l(__scatter.o)
    0x0800034e   0x0800034e   0x00000002   PAD
    0x08000350   0x08000350   0x0000001c   Code   RO         3580    !!handler_zi        c_w.l(__scatter_zi.o)
    0x0800036c   0x0800036c   0x00000000   Code   RO         2929    .ARM.Collect$$_printf_percent$$00000000  c_w.l(_printf_percent.o)
    0x0800036c   0x0800036c   0x00000006   Code   RO         3127    .ARM.Collect$$_printf_percent$$00000001  c_w.l(_printf_n.o)
    0x08000372   0x08000372   0x00000006   Code   RO         3129    .ARM.Collect$$_printf_percent$$00000002  c_w.l(_printf_p.o)
    0x08000378   0x08000378   0x00000006   Code   RO         2928    .ARM.Collect$$_printf_percent$$00000003  c_w.l(_printf_f.o)
    0x0800037e   0x0800037e   0x00000006   Code   RO         3134    .ARM.Collect$$_printf_percent$$00000004  c_w.l(_printf_e.o)
    0x08000384   0x08000384   0x00000006   Code   RO         3135    .ARM.Collect$$_printf_percent$$00000005  c_w.l(_printf_g.o)
    0x0800038a   0x0800038a   0x00000006   Code   RO         3136    .ARM.Collect$$_printf_percent$$00000006  c_w.l(_printf_a.o)
    0x08000390   0x08000390   0x0000000a   Code   RO         3141    .ARM.Collect$$_printf_percent$$00000007  c_w.l(_printf_ll.o)
    0x0800039a   0x0800039a   0x00000006   Code   RO         3131    .ARM.Collect$$_printf_percent$$00000008  c_w.l(_printf_i.o)
    0x080003a0   0x080003a0   0x00000006   Code   RO         3132    .ARM.Collect$$_printf_percent$$00000009  c_w.l(_printf_d.o)
    0x080003a6   0x080003a6   0x00000006   Code   RO         3133    .ARM.Collect$$_printf_percent$$0000000A  c_w.l(_printf_u.o)
    0x080003ac   0x080003ac   0x00000006   Code   RO         3130    .ARM.Collect$$_printf_percent$$0000000B  c_w.l(_printf_o.o)
    0x080003b2   0x080003b2   0x00000006   Code   RO         3128    .ARM.Collect$$_printf_percent$$0000000C  c_w.l(_printf_x.o)
    0x080003b8   0x080003b8   0x00000006   Code   RO         3138    .ARM.Collect$$_printf_percent$$0000000D  c_w.l(_printf_lli.o)
    0x080003be   0x080003be   0x00000006   Code   RO         3139    .ARM.Collect$$_printf_percent$$0000000E  c_w.l(_printf_lld.o)
    0x080003c4   0x080003c4   0x00000006   Code   RO         3140    .ARM.Collect$$_printf_percent$$0000000F  c_w.l(_printf_llu.o)
    0x080003ca   0x080003ca   0x00000006   Code   RO         3145    .ARM.Collect$$_printf_percent$$00000010  c_w.l(_printf_llo.o)
    0x080003d0   0x080003d0   0x00000006   Code   RO         3146    .ARM.Collect$$_printf_percent$$00000011  c_w.l(_printf_llx.o)
    0x080003d6   0x080003d6   0x0000000a   Code   RO         3142    .ARM.Collect$$_printf_percent$$00000012  c_w.l(_printf_l.o)
    0x080003e0   0x080003e0   0x00000006   Code   RO         3125    .ARM.Collect$$_printf_percent$$00000013  c_w.l(_printf_c.o)
    0x080003e6   0x080003e6   0x00000006   Code   RO         3126    .ARM.Collect$$_printf_percent$$00000014  c_w.l(_printf_s.o)
    0x080003ec   0x080003ec   0x00000006   Code   RO         3143    .ARM.Collect$$_printf_percent$$00000015  c_w.l(_printf_lc.o)
    0x080003f2   0x080003f2   0x00000006   Code   RO         3144    .ARM.Collect$$_printf_percent$$00000016  c_w.l(_printf_ls.o)
    0x080003f8   0x080003f8   0x00000004   Code   RO         3137    .ARM.Collect$$_printf_percent$$00000017  c_w.l(_printf_percent_end.o)
    0x080003fc   0x080003fc   0x00000002   Code   RO         3425    .ARM.Collect$$libinit$$00000000  c_w.l(libinit.o)
    0x080003fe   0x080003fe   0x00000004   Code   RO         3149    .ARM.Collect$$libinit$$00000001  c_w.l(libinit2.o)
    0x08000402   0x08000402   0x00000000   Code   RO         3152    .ARM.Collect$$libinit$$00000004  c_w.l(libinit2.o)
    0x08000402   0x08000402   0x00000000   Code   RO         3154    .ARM.Collect$$libinit$$00000006  c_w.l(libinit2.o)
    0x08000402   0x08000402   0x00000000   Code   RO         3157    .ARM.Collect$$libinit$$0000000C  c_w.l(libinit2.o)
    0x08000402   0x08000402   0x00000000   Code   RO         3159    .ARM.Collect$$libinit$$0000000E  c_w.l(libinit2.o)
    0x08000402   0x08000402   0x00000000   Code   RO         3161    .ARM.Collect$$libinit$$00000010  c_w.l(libinit2.o)
    0x08000402   0x08000402   0x00000006   Code   RO         3162    .ARM.Collect$$libinit$$00000011  c_w.l(libinit2.o)
    0x08000408   0x08000408   0x00000000   Code   RO         3164    .ARM.Collect$$libinit$$00000013  c_w.l(libinit2.o)
    0x08000408   0x08000408   0x0000000c   Code   RO         3165    .ARM.Collect$$libinit$$00000014  c_w.l(libinit2.o)
    0x08000414   0x08000414   0x00000000   Code   RO         3166    .ARM.Collect$$libinit$$00000015  c_w.l(libinit2.o)
    0x08000414   0x08000414   0x00000000   Code   RO         3168    .ARM.Collect$$libinit$$00000017  c_w.l(libinit2.o)
    0x08000414   0x08000414   0x0000000a   Code   RO         3169    .ARM.Collect$$libinit$$00000018  c_w.l(libinit2.o)
    0x0800041e   0x0800041e   0x00000000   Code   RO         3170    .ARM.Collect$$libinit$$00000019  c_w.l(libinit2.o)
    0x0800041e   0x0800041e   0x00000000   Code   RO         3172    .ARM.Collect$$libinit$$0000001B  c_w.l(libinit2.o)
    0x0800041e   0x0800041e   0x00000000   Code   RO         3174    .ARM.Collect$$libinit$$0000001D  c_w.l(libinit2.o)
    0x0800041e   0x0800041e   0x00000000   Code   RO         3176    .ARM.Collect$$libinit$$0000001F  c_w.l(libinit2.o)
    0x0800041e   0x0800041e   0x00000000   Code   RO         3178    .ARM.Collect$$libinit$$00000021  c_w.l(libinit2.o)
    0x0800041e   0x0800041e   0x00000000   Code   RO         3180    .ARM.Collect$$libinit$$00000023  c_w.l(libinit2.o)
    0x0800041e   0x0800041e   0x00000000   Code   RO         3182    .ARM.Collect$$libinit$$00000025  c_w.l(libinit2.o)
    0x0800041e   0x0800041e   0x00000000   Code   RO         3184    .ARM.Collect$$libinit$$00000027  c_w.l(libinit2.o)
    0x0800041e   0x0800041e   0x00000000   Code   RO         3188    .ARM.Collect$$libinit$$0000002E  c_w.l(libinit2.o)
    0x0800041e   0x0800041e   0x00000000   Code   RO         3190    .ARM.Collect$$libinit$$00000030  c_w.l(libinit2.o)
    0x0800041e   0x0800041e   0x00000000   Code   RO         3192    .ARM.Collect$$libinit$$00000032  c_w.l(libinit2.o)
    0x0800041e   0x0800041e   0x00000004   Code   RO         3193    .ARM.Collect$$libinit$$00000033  c_w.l(libinit2.o)
    0x08000422   0x08000422   0x00000000   Code   RO         3194    .ARM.Collect$$libinit$$00000034  c_w.l(libinit2.o)
    0x08000422   0x08000422   0x00000002   Code   RO         3195    .ARM.Collect$$libinit$$00000035  c_w.l(libinit2.o)
    0x08000424   0x08000424   0x00000002   Code   RO         3530    .ARM.Collect$$libshutdown$$00000000  c_w.l(libshutdown.o)
    0x08000426   0x08000426   0x00000000   Code   RO         3499    .ARM.Collect$$libshutdown$$00000002  c_w.l(libshutdown2.o)
    0x08000426   0x08000426   0x00000000   Code   RO         3501    .ARM.Collect$$libshutdown$$00000004  c_w.l(libshutdown2.o)
    0x08000426   0x08000426   0x00000000   Code   RO         3504    .ARM.Collect$$libshutdown$$00000007  c_w.l(libshutdown2.o)
    0x08000426   0x08000426   0x00000000   Code   RO         3507    .ARM.Collect$$libshutdown$$0000000A  c_w.l(libshutdown2.o)
    0x08000426   0x08000426   0x00000000   Code   RO         3509    .ARM.Collect$$libshutdown$$0000000C  c_w.l(libshutdown2.o)
    0x08000426   0x08000426   0x00000000   Code   RO         3512    .ARM.Collect$$libshutdown$$0000000F  c_w.l(libshutdown2.o)
    0x08000426   0x08000426   0x00000002   Code   RO         3513    .ARM.Collect$$libshutdown$$00000010  c_w.l(libshutdown2.o)
    0x08000428   0x08000428   0x00000000   Code   RO         3002    .ARM.Collect$$rtentry$$00000000  c_w.l(__rtentry.o)
    0x08000428   0x08000428   0x00000000   Code   RO         3245    .ARM.Collect$$rtentry$$00000002  c_w.l(__rtentry2.o)
    0x08000428   0x08000428   0x00000006   Code   RO         3257    .ARM.Collect$$rtentry$$00000004  c_w.l(__rtentry4.o)
    0x0800042e   0x0800042e   0x00000000   Code   RO         3247    .ARM.Collect$$rtentry$$00000009  c_w.l(__rtentry2.o)
    0x0800042e   0x0800042e   0x00000004   Code   RO         3248    .ARM.Collect$$rtentry$$0000000A  c_w.l(__rtentry2.o)
    0x08000432   0x08000432   0x00000000   Code   RO         3250    .ARM.Collect$$rtentry$$0000000C  c_w.l(__rtentry2.o)
    0x08000432   0x08000432   0x00000008   Code   RO         3251    .ARM.Collect$$rtentry$$0000000D  c_w.l(__rtentry2.o)
    0x0800043a   0x0800043a   0x00000002   Code   RO         3433    .ARM.Collect$$rtexit$$00000000  c_w.l(rtexit.o)
    0x0800043c   0x0800043c   0x00000000   Code   RO         3478    .ARM.Collect$$rtexit$$00000002  c_w.l(rtexit2.o)
    0x0800043c   0x0800043c   0x00000004   Code   RO         3479    .ARM.Collect$$rtexit$$00000003  c_w.l(rtexit2.o)
    0x08000440   0x08000440   0x00000006   Code   RO         3480    .ARM.Collect$$rtexit$$00000004  c_w.l(rtexit2.o)
    0x08000446   0x08000446   0x00000002   PAD
    0x08000448   0x08000448   0x00000048   Code   RO            4    .text               startup_stm32h723xx.o
    0x08000490   0x08000490   0x000000f0   Code   RO         2898    .text               c_w.l(lludivv7m.o)
    0x08000580   0x08000580   0x0000003c   Code   RO         2900    .text               c_w.l(vsnprintf.o)
    0x080005bc   0x080005bc   0x00000188   Code   RO         2925    .text               c_w.l(__printf_flags_ss_wp.o)
    0x08000744   0x08000744   0x0000004e   Code   RO         2934    .text               c_w.l(rt_memclr_w.o)
    0x08000792   0x08000792   0x00000006   Code   RO         2936    .text               c_w.l(heapauxi.o)
    0x08000798   0x08000798   0x0000002c   Code   RO         2943    .text               c_w.l(init_aeabi.o)
    0x080007c4   0x080007c4   0x00000016   Code   RO         3073    .text               c_w.l(_rserrno.o)
    0x080007da   0x080007da   0x0000004e   Code   RO         3075    .text               c_w.l(_printf_pad.o)
    0x08000828   0x08000828   0x00000024   Code   RO         3077    .text               c_w.l(_printf_truncate.o)
    0x0800084c   0x0800084c   0x00000052   Code   RO         3079    .text               c_w.l(_printf_str.o)
    0x0800089e   0x0800089e   0x00000002   PAD
    0x080008a0   0x080008a0   0x00000078   Code   RO         3081    .text               c_w.l(_printf_dec.o)
    0x08000918   0x08000918   0x00000028   Code   RO         3083    .text               c_w.l(_printf_charcount.o)
    0x08000940   0x08000940   0x0000041c   Code   RO         3085    .text               c_w.l(_printf_fp_dec.o)
    0x08000d5c   0x08000d5c   0x00000030   Code   RO         3089    .text               c_w.l(_printf_char_common.o)
    0x08000d8c   0x08000d8c   0x00000010   Code   RO         3091    .text               c_w.l(_snputc.o)
    0x08000d9c   0x08000d9c   0x000000bc   Code   RO         3093    .text               c_w.l(_printf_wctomb.o)
    0x08000e58   0x08000e58   0x0000007c   Code   RO         3096    .text               c_w.l(_printf_longlong_dec.o)
    0x08000ed4   0x08000ed4   0x00000070   Code   RO         3102    .text               c_w.l(_printf_oct_int_ll.o)
    0x08000f44   0x08000f44   0x00000094   Code   RO         3122    .text               c_w.l(_printf_hex_int_ll_ptr.o)
    0x08000fd8   0x08000fd8   0x00000008   Code   RO         3269    .text               c_w.l(rt_locale_intlibspace.o)
    0x08000fe0   0x08000fe0   0x00000008   Code   RO         3274    .text               c_w.l(rt_errno_addr_intlibspace.o)
    0x08000fe8   0x08000fe8   0x0000008a   Code   RO         3294    .text               c_w.l(lludiv10.o)
    0x08001072   0x08001072   0x000000b2   Code   RO         3298    .text               c_w.l(_printf_intcommon.o)
    0x08001124   0x08001124   0x000002fc   Code   RO         3300    .text               c_w.l(_printf_fp_hex.o)
    0x08001420   0x08001420   0x00000080   Code   RO         3303    .text               c_w.l(_printf_fp_infnan.o)
    0x080014a0   0x080014a0   0x0000002c   Code   RO         3307    .text               c_w.l(_printf_char.o)
    0x080014cc   0x080014cc   0x0000002c   Code   RO         3309    .text               c_w.l(_printf_wchar.o)
    0x080014f8   0x080014f8   0x000000e4   Code   RO         3313    .text               c_w.l(bigflt0.o)
    0x080015dc   0x080015dc   0x00000048   Code   RO         3340    .text               c_w.l(_c16rtomb.o)
    0x08001624   0x08001624   0x00000008   Code   RO         3378    .text               c_w.l(libspace.o)
    0x0800162c   0x0800162c   0x0000004a   Code   RO         3381    .text               c_w.l(sys_stackheap_outer.o)
    0x08001676   0x08001676   0x00000002   PAD
    0x08001678   0x08001678   0x00000010   Code   RO         3383    .text               c_w.l(rt_ctype_table.o)
    0x08001688   0x08001688   0x00000012   Code   RO         3399    .text               c_w.l(exit.o)
    0x0800169a   0x0800169a   0x00000006   PAD
    0x080016a0   0x080016a0   0x0000007c   Code   RO         3411    .text               c_w.l(strcmpv7m_pel.o)
    0x0800171c   0x0800171c   0x0000000c   Code   RO         3426    .text               c_w.l(sys_exit.o)
    0x08001728   0x08001728   0x00000002   Code   RO         3430    .text               c_w.l(use_no_semi.o)
    0x0800172a   0x0800172a   0x00000000   Code   RO         3432    .text               c_w.l(indicate_semi.o)
    0x0800172a   0x0800172a   0x00000006   PAD
    0x08001730   0x08001730   0x000000f2   Code   RO         1755    .text.ADC_ConfigureBoostMode  stm32h7xx_hal_adc.o
    0x08001822   0x08001822   0x00000006   PAD
    0x08001828   0x08001828   0x00000002   Code   RO          188    .text.BusFault_Handler  stm32h7xx_it.o
    0x0800182a   0x0800182a   0x00000006   PAD
    0x08001830   0x08001830   0x00000004   Code   RO          303    .text.CDC_Control_HS  usbd_cdc_if.o
    0x08001834   0x08001834   0x00000004   PAD
    0x08001838   0x08001838   0x00000004   Code   RO          301    .text.CDC_DeInit_HS  usbd_cdc_if.o
    0x0800183c   0x0800183c   0x00000004   PAD
    0x08001840   0x08001840   0x0000002c   Code   RO          299    .text.CDC_Init_HS   usbd_cdc_if.o
    0x0800186c   0x0800186c   0x00000004   PAD
    0x08001870   0x08001870   0x0000001c   Code   RO          305    .text.CDC_Receive_HS  usbd_cdc_if.o
    0x0800188c   0x0800188c   0x00000004   PAD
    0x08001890   0x08001890   0x00000004   Code   RO          307    .text.CDC_TransmitCplt_HS  usbd_cdc_if.o
    0x08001894   0x08001894   0x00000004   PAD
    0x08001898   0x08001898   0x0000000c   Code   RO          200    .text.DMA1_Stream0_IRQHandler  stm32h7xx_it.o
    0x080018a4   0x080018a4   0x00000004   PAD
    0x080018a8   0x080018a8   0x00000118   Code   RO         1148    .text.DMA_CalcBaseAndBitshift  stm32h7xx_hal_dma.o
    0x080019c0   0x080019c0   0x00000002   Code   RO          194    .text.DebugMon_Handler  stm32h7xx_it.o
    0x080019c2   0x080019c2   0x00000006   PAD
    0x080019c8   0x080019c8   0x00000006   Code   RO           15    .text.Error_Handler  main.o
    0x080019ce   0x080019ce   0x00000002   PAD
    0x080019d0   0x080019d0   0x0000001a   Code   RO         2489    .text.ExitRun0Mode  system_stm32h7xx.o
    0x080019ea   0x080019ea   0x00000006   PAD
    0x080019f0   0x080019f0   0x0000000c   Code   RO          202    .text.FDCAN1_IT0_IRQHandler  stm32h7xx_it.o
    0x080019fc   0x080019fc   0x00000004   PAD
    0x08001a00   0x08001a00   0x0000000c   Code   RO          206    .text.FDCAN1_IT1_IRQHandler  stm32h7xx_it.o
    0x08001a0c   0x08001a0c   0x00000004   PAD
    0x08001a10   0x08001a10   0x0000000c   Code   RO          204    .text.FDCAN2_IT0_IRQHandler  stm32h7xx_it.o
    0x08001a1c   0x08001a1c   0x00000004   PAD
    0x08001a20   0x08001a20   0x0000000c   Code   RO          208    .text.FDCAN2_IT1_IRQHandler  stm32h7xx_it.o
    0x08001a2c   0x08001a2c   0x00000004   PAD
    0x08001a30   0x08001a30   0x0000000c   Code   RO          224    .text.FDCAN3_IT0_IRQHandler  stm32h7xx_it.o
    0x08001a3c   0x08001a3c   0x00000004   PAD
    0x08001a40   0x08001a40   0x0000000c   Code   RO          226    .text.FDCAN3_IT1_IRQHandler  stm32h7xx_it.o
    0x08001a4c   0x08001a4c   0x00000004   PAD
    0x08001a50   0x08001a50   0x0000001e   Code   RO          216    .text.FDCAN_CAL_IRQHandler  stm32h7xx_it.o
    0x08001a6e   0x08001a6e   0x00000002   PAD
    0x08001a70   0x08001a70   0x0000007a   Code   RO         1957    .text.FDCAN_CopyMessageToRAM  stm32h7xx_hal_fdcan.o
    0x08001aea   0x08001aea   0x00000006   PAD
    0x08001af0   0x08001af0   0x00000102   Code   RO         1867    .text.HAL_ADCEx_MultiModeConfigChannel  stm32h7xx_hal_adc_ex.o
    0x08001bf2   0x08001bf2   0x00000006   PAD
    0x08001bf8   0x08001bf8   0x00000628   Code   RO         1801    .text.HAL_ADC_ConfigChannel  stm32h7xx_hal_adc.o
    0x08002220   0x08002220   0x0000027a   Code   RO         1751    .text.HAL_ADC_Init  stm32h7xx_hal_adc.o
    0x0800249a   0x0800249a   0x00000006   PAD
    0x080024a0   0x080024a0   0x0000011c   Code   RO           47    .text.HAL_ADC_MspInit  adc.o
    0x080025bc   0x080025bc   0x00000004   PAD
    0x080025c0   0x080025c0   0x000004ec   Code   RO         1158    .text.HAL_DMA_Abort  stm32h7xx_hal_dma.o
    0x08002aac   0x08002aac   0x00000004   PAD
    0x08002ab0   0x08002ab0   0x0000029c   Code   RO         1160    .text.HAL_DMA_Abort_IT  stm32h7xx_hal_dma.o
    0x08002d4c   0x08002d4c   0x00000004   PAD
    0x08002d50   0x08002d50   0x00000a7c   Code   RO         1164    .text.HAL_DMA_IRQHandler  stm32h7xx_hal_dma.o
    0x080037cc   0x080037cc   0x00000004   PAD
    0x080037d0   0x080037d0   0x00000640   Code   RO         1146    .text.HAL_DMA_Init  stm32h7xx_hal_dma.o
    0x08003e10   0x08003e10   0x00000028   Code   RO         1452    .text.HAL_Delay     stm32h7xx_hal.o
    0x08003e38   0x08003e38   0x00000078   Code   RO         2035    .text.HAL_FDCAN_ActivateNotification  stm32h7xx_hal_fdcan.o
    0x08003eb0   0x08003eb0   0x00000066   Code   RO         1955    .text.HAL_FDCAN_AddMessageToTxFifoQ  stm32h7xx_hal_fdcan.o
    0x08003f16   0x08003f16   0x00000002   PAD
    0x08003f18   0x08003f18   0x00000002   Code   RO         2049    .text.HAL_FDCAN_ClockCalibrationCallback  stm32h7xx_hal_fdcan.o
    0x08003f1a   0x08003f1a   0x00000006   PAD
    0x08003f20   0x08003f20   0x00000060   Code   RO         1915    .text.HAL_FDCAN_ConfigFifoWatermark  stm32h7xx_hal_fdcan.o
    0x08003f80   0x08003f80   0x00000088   Code   RO         1907    .text.HAL_FDCAN_ConfigFilter  stm32h7xx_hal_fdcan.o
    0x08004008   0x08004008   0x00000036   Code   RO         1909    .text.HAL_FDCAN_ConfigGlobalFilter  stm32h7xx_hal_fdcan.o
    0x0800403e   0x0800403e   0x00000002   PAD
    0x08004040   0x08004040   0x00000098   Code   RO         1889    .text.HAL_FDCAN_DeInit  stm32h7xx_hal_fdcan.o
    0x080040d8   0x080040d8   0x00000002   Code   RO         2077    .text.HAL_FDCAN_ErrorCallback  stm32h7xx_hal_fdcan.o
    0x080040da   0x080040da   0x00000006   PAD
    0x080040e0   0x080040e0   0x00000012   Code   RO         2656    .text.HAL_FDCAN_ErrorStatusCallback  bsp_fdcan.o
    0x080040f2   0x080040f2   0x00000006   PAD
    0x080040f8   0x080040f8   0x00000194   Code   RO         1967    .text.HAL_FDCAN_GetRxMessage  stm32h7xx_hal_fdcan.o
    0x0800428c   0x0800428c   0x00000004   PAD
    0x08004290   0x08004290   0x00000002   Code   RO         2045    .text.HAL_FDCAN_HighPriorityMessageCallback  stm32h7xx_hal_fdcan.o
    0x08004292   0x08004292   0x00000006   PAD
    0x08004298   0x08004298   0x00000316   Code   RO         2043    .text.HAL_FDCAN_IRQHandler  stm32h7xx_hal_fdcan.o
    0x080045ae   0x080045ae   0x00000002   PAD
    0x080045b0   0x080045b0   0x000003c6   Code   RO         1885    .text.HAL_FDCAN_Init  stm32h7xx_hal_fdcan.o
    0x08004976   0x08004976   0x00000002   PAD
    0x08004978   0x08004978   0x000000d8   Code   RO           78    .text.HAL_FDCAN_MspDeInit  fdcan.o
    0x08004a50   0x08004a50   0x00000210   Code   RO           76    .text.HAL_FDCAN_MspInit  fdcan.o
    0x08004c60   0x08004c60   0x00000002   Code   RO         2061    .text.HAL_FDCAN_RxBufferNewMessageCallback  stm32h7xx_hal_fdcan.o
    0x08004c62   0x08004c62   0x00000006   PAD
    0x08004c68   0x08004c68   0x00000012   Code   RO         2654    .text.HAL_FDCAN_RxFifo0Callback  bsp_fdcan.o
    0x08004c7a   0x08004c7a   0x00000006   PAD
    0x08004c80   0x08004c80   0x00000002   Code   RO         2055    .text.HAL_FDCAN_RxFifo1Callback  stm32h7xx_hal_fdcan.o
    0x08004c82   0x08004c82   0x00000006   PAD
    0x08004c88   0x08004c88   0x00000032   Code   RO         1953    .text.HAL_FDCAN_Start  stm32h7xx_hal_fdcan.o
    0x08004cba   0x08004cba   0x00000006   PAD
    0x08004cc0   0x08004cc0   0x00000002   Code   RO         2075    .text.HAL_FDCAN_TT_GlobalTimeCallback  stm32h7xx_hal_fdcan.o
    0x08004cc2   0x08004cc2   0x00000006   PAD
    0x08004cc8   0x08004cc8   0x00000002   Code   RO         2069    .text.HAL_FDCAN_TT_ScheduleSyncCallback  stm32h7xx_hal_fdcan.o
    0x08004cca   0x08004cca   0x00000006   PAD
    0x08004cd0   0x08004cd0   0x00000002   Code   RO         2073    .text.HAL_FDCAN_TT_StopWatchCallback  stm32h7xx_hal_fdcan.o
    0x08004cd2   0x08004cd2   0x00000006   PAD
    0x08004cd8   0x08004cd8   0x00000002   Code   RO         2071    .text.HAL_FDCAN_TT_TimeMarkCallback  stm32h7xx_hal_fdcan.o
    0x08004cda   0x08004cda   0x00000006   PAD
    0x08004ce0   0x08004ce0   0x00000002   Code   RO         2065    .text.HAL_FDCAN_TimeoutOccurredCallback  stm32h7xx_hal_fdcan.o
    0x08004ce2   0x08004ce2   0x00000006   PAD
    0x08004ce8   0x08004ce8   0x00000002   Code   RO         2063    .text.HAL_FDCAN_TimestampWraparoundCallback  stm32h7xx_hal_fdcan.o
    0x08004cea   0x08004cea   0x00000006   PAD
    0x08004cf0   0x08004cf0   0x00000002   Code   RO         2047    .text.HAL_FDCAN_TxBufferAbortCallback  stm32h7xx_hal_fdcan.o
    0x08004cf2   0x08004cf2   0x00000006   PAD
    0x08004cf8   0x08004cf8   0x00000002   Code   RO         2059    .text.HAL_FDCAN_TxBufferCompleteCallback  stm32h7xx_hal_fdcan.o
    0x08004cfa   0x08004cfa   0x00000006   PAD
    0x08004d00   0x08004d00   0x00000002   Code   RO         2051    .text.HAL_FDCAN_TxEventFifoCallback  stm32h7xx_hal_fdcan.o
    0x08004d02   0x08004d02   0x00000006   PAD
    0x08004d08   0x08004d08   0x00000002   Code   RO         2057    .text.HAL_FDCAN_TxFifoEmptyCallback  stm32h7xx_hal_fdcan.o
    0x08004d0a   0x08004d0a   0x00000006   PAD
    0x08004d10   0x08004d10   0x00000110   Code   RO         1094    .text.HAL_GPIO_DeInit  stm32h7xx_hal_gpio.o
    0x08004e20   0x08004e20   0x0000019e   Code   RO         1092    .text.HAL_GPIO_Init  stm32h7xx_hal_gpio.o
    0x08004fbe   0x08004fbe   0x00000002   PAD
    0x08004fc0   0x08004fc0   0x0000000a   Code   RO         1098    .text.HAL_GPIO_WritePin  stm32h7xx_hal_gpio.o
    0x08004fca   0x08004fca   0x00000006   PAD
    0x08004fd0   0x08004fd0   0x0000000c   Code   RO         1444    .text.HAL_GetTick   stm32h7xx_hal.o
    0x08004fdc   0x08004fdc   0x00000004   PAD
    0x08004fe0   0x08004fe0   0x0000001a   Code   RO         1442    .text.HAL_IncTick   stm32h7xx_hal.o
    0x08004ffa   0x08004ffa   0x00000006   PAD
    0x08005000   0x08005000   0x00000064   Code   RO         1432    .text.HAL_Init      stm32h7xx_hal.o
    0x08005064   0x08005064   0x00000004   PAD
    0x08005068   0x08005068   0x000000a0   Code   RO          245    .text.HAL_InitTick  stm32h7xx_hal_timebase_tim.o
    0x08005108   0x08005108   0x00000020   Code   RO          237    .text.HAL_MspInit   stm32h7xx_hal_msp.o
    0x08005128   0x08005128   0x00000028   Code   RO         1386    .text.HAL_NVIC_DisableIRQ  stm32h7xx_hal_cortex.o
    0x08005150   0x08005150   0x00000020   Code   RO         1384    .text.HAL_NVIC_EnableIRQ  stm32h7xx_hal_cortex.o
    0x08005170   0x08005170   0x0000005a   Code   RO         1382    .text.HAL_NVIC_SetPriority  stm32h7xx_hal_cortex.o
    0x080051ca   0x080051ca   0x00000006   PAD
    0x080051d0   0x080051d0   0x00000020   Code   RO         1380    .text.HAL_NVIC_SetPriorityGrouping  stm32h7xx_hal_cortex.o
    0x080051f0   0x080051f0   0x000004c0   Code   RO         2171    .text.HAL_OSPIM_Config  stm32h7xx_hal_ospi.o
    0x080056b0   0x080056b0   0x00000122   Code   RO         2093    .text.HAL_OSPI_Init  stm32h7xx_hal_ospi.o
    0x080057d2   0x080057d2   0x00000006   PAD
    0x080057d8   0x080057d8   0x00000166   Code   RO           95    .text.HAL_OSPI_MspInit  octospi.o
    0x0800593e   0x0800593e   0x00000002   PAD
    0x08005940   0x08005940   0x00000026   Code   RO          805    .text.HAL_PCDEx_ActivateLPM  stm32h7xx_hal_pcd_ex.o
    0x08005966   0x08005966   0x00000002   PAD
    0x08005968   0x08005968   0x00000002   Code   RO          817    .text.HAL_PCDEx_LPM_Callback  stm32h7xx_hal_pcd_ex.o
    0x0800596a   0x0800596a   0x00000006   PAD
    0x08005970   0x08005970   0x00000008   Code   RO          803    .text.HAL_PCDEx_SetRxFiFo  stm32h7xx_hal_pcd_ex.o
    0x08005978   0x08005978   0x0000004e   Code   RO          801    .text.HAL_PCDEx_SetTxFiFo  stm32h7xx_hal_pcd_ex.o
    0x080059c6   0x080059c6   0x00000002   PAD
    0x080059c8   0x080059c8   0x00000008   Code   RO          344    .text.HAL_PCD_ConnectCallback  usbd_conf.o
    0x080059d0   0x080059d0   0x00000012   Code   RO          330    .text.HAL_PCD_DataInStageCallback  usbd_conf.o
    0x080059e2   0x080059e2   0x00000006   PAD
    0x080059e8   0x080059e8   0x00000014   Code   RO          328    .text.HAL_PCD_DataOutStageCallback  usbd_conf.o
    0x080059fc   0x080059fc   0x00000004   PAD
    0x08005a00   0x08005a00   0x00000008   Code   RO          346    .text.HAL_PCD_DisconnectCallback  usbd_conf.o
    0x08005a08   0x08005a08   0x0000004e   Code   RO          771    .text.HAL_PCD_EP_Close  stm32h7xx_hal_pcd.o
    0x08005a56   0x08005a56   0x00000002   PAD
    0x08005a58   0x08005a58   0x00000064   Code   RO          781    .text.HAL_PCD_EP_ClrStall  stm32h7xx_hal_pcd.o
    0x08005abc   0x08005abc   0x00000004   PAD
    0x08005ac0   0x08005ac0   0x00000012   Code   RO          775    .text.HAL_PCD_EP_GetRxCount  stm32h7xx_hal_pcd.o
    0x08005ad2   0x08005ad2   0x00000006   PAD
    0x08005ad8   0x08005ad8   0x0000006c   Code   RO          769    .text.HAL_PCD_EP_Open  stm32h7xx_hal_pcd.o
    0x08005b44   0x08005b44   0x00000004   PAD
    0x08005b48   0x08005b48   0x0000003a   Code   RO          773    .text.HAL_PCD_EP_Receive  stm32h7xx_hal_pcd.o
    0x08005b82   0x08005b82   0x00000006   PAD
    0x08005b88   0x08005b88   0x00000070   Code   RO          779    .text.HAL_PCD_EP_SetStall  stm32h7xx_hal_pcd.o
    0x08005bf8   0x08005bf8   0x0000003e   Code   RO          777    .text.HAL_PCD_EP_Transmit  stm32h7xx_hal_pcd.o
    0x08005c36   0x08005c36   0x00000002   PAD
    0x08005c38   0x08005c38   0x00000826   Code   RO          737    .text.HAL_PCD_IRQHandler  stm32h7xx_hal_pcd.o
    0x0800645e   0x0800645e   0x00000002   PAD
    0x08006460   0x08006460   0x00000008   Code   RO          342    .text.HAL_PCD_ISOINIncompleteCallback  usbd_conf.o
    0x08006468   0x08006468   0x00000008   Code   RO          340    .text.HAL_PCD_ISOOUTIncompleteCallback  usbd_conf.o
    0x08006470   0x08006470   0x000000f0   Code   RO          725    .text.HAL_PCD_Init  stm32h7xx_hal_pcd.o
    0x08006560   0x08006560   0x0000006c   Code   RO          322    .text.HAL_PCD_MspInit  usbd_conf.o
    0x080065cc   0x080065cc   0x00000004   PAD
    0x080065d0   0x080065d0   0x00000026   Code   RO          334    .text.HAL_PCD_ResetCallback  usbd_conf.o
    0x080065f6   0x080065f6   0x00000002   PAD
    0x080065f8   0x080065f8   0x00000008   Code   RO          338    .text.HAL_PCD_ResumeCallback  usbd_conf.o
    0x08006600   0x08006600   0x00000008   Code   RO          332    .text.HAL_PCD_SOFCallback  usbd_conf.o
    0x08006608   0x08006608   0x00000026   Code   RO          767    .text.HAL_PCD_SetAddress  stm32h7xx_hal_pcd.o
    0x0800662e   0x0800662e   0x00000002   PAD
    0x08006630   0x08006630   0x0000000e   Code   RO          326    .text.HAL_PCD_SetupStageCallback  usbd_conf.o
    0x0800663e   0x0800663e   0x00000002   PAD
    0x08006640   0x08006640   0x0000003e   Code   RO          733    .text.HAL_PCD_Start  stm32h7xx_hal_pcd.o
    0x0800667e   0x0800667e   0x00000002   PAD
    0x08006680   0x08006680   0x00000034   Code   RO          336    .text.HAL_PCD_SuspendCallback  usbd_conf.o
    0x080066b4   0x080066b4   0x00000004   PAD
    0x080066b8   0x080066b8   0x00000048   Code   RO         1296    .text.HAL_PWREx_ConfigSupply  stm32h7xx_hal_pwr_ex.o
    0x08006700   0x08006700   0x00000012   Code   RO         1346    .text.HAL_PWREx_EnableUSBVoltageDetector  stm32h7xx_hal_pwr_ex.o
    0x08006712   0x08006712   0x00000006   PAD
    0x08006718   0x08006718   0x00000026   Code   RO          983    .text.HAL_RCCEx_GetD3PCLK1Freq  stm32h7xx_hal_rcc_ex.o
    0x0800673e   0x0800673e   0x00000002   PAD
    0x08006740   0x08006740   0x0000012c   Code   RO          977    .text.HAL_RCCEx_GetPLL1ClockFreq  stm32h7xx_hal_rcc_ex.o
    0x0800686c   0x0800686c   0x00000004   PAD
    0x08006870   0x08006870   0x00000128   Code   RO          979    .text.HAL_RCCEx_GetPLL2ClockFreq  stm32h7xx_hal_rcc_ex.o
    0x08006998   0x08006998   0x00000128   Code   RO          981    .text.HAL_RCCEx_GetPLL3ClockFreq  stm32h7xx_hal_rcc_ex.o
    0x08006ac0   0x08006ac0   0x00000350   Code   RO          975    .text.HAL_RCCEx_GetPeriphCLKFreq  stm32h7xx_hal_rcc_ex.o
    0x08006e10   0x08006e10   0x0000097e   Code   RO          967    .text.HAL_RCCEx_PeriphCLKConfig  stm32h7xx_hal_rcc_ex.o
    0x0800778e   0x0800778e   0x00000002   PAD
    0x08007790   0x08007790   0x00000258   Code   RO          935    .text.HAL_RCC_ClockConfig  stm32h7xx_hal_rcc.o
    0x080079e8   0x080079e8   0x00000058   Code   RO          953    .text.HAL_RCC_GetClockConfig  stm32h7xx_hal_rcc.o
    0x08007a40   0x08007a40   0x0000004c   Code   RO          945    .text.HAL_RCC_GetHCLKFreq  stm32h7xx_hal_rcc.o
    0x08007a8c   0x08007a8c   0x00000004   PAD
    0x08007a90   0x08007a90   0x00000060   Code   RO          947    .text.HAL_RCC_GetPCLK1Freq  stm32h7xx_hal_rcc.o
    0x08007af0   0x08007af0   0x00000060   Code   RO          949    .text.HAL_RCC_GetPCLK2Freq  stm32h7xx_hal_rcc.o
    0x08007b50   0x08007b50   0x0000010c   Code   RO          937    .text.HAL_RCC_GetSysClockFreq  stm32h7xx_hal_rcc.o
    0x08007c5c   0x08007c5c   0x00000004   PAD
    0x08007c60   0x08007c60   0x0000009c   Code   RO          939    .text.HAL_RCC_MCOConfig  stm32h7xx_hal_rcc.o
    0x08007cfc   0x08007cfc   0x00000004   PAD
    0x08007d00   0x08007d00   0x00000528   Code   RO          933    .text.HAL_RCC_OscConfig  stm32h7xx_hal_rcc.o
    0x08008228   0x08008228   0x00000084   Code   RO         2444    .text.HAL_RS485Ex_Init  stm32h7xx_hal_uart_ex.o
    0x080082ac   0x080082ac   0x00000004   PAD
    0x080082b0   0x080082b0   0x000001aa   Code   RO         2183    .text.HAL_SPI_Init  stm32h7xx_hal_spi.o
    0x0800845a   0x0800845a   0x00000006   PAD
    0x08008460   0x08008460   0x000001ea   Code   RO          114    .text.HAL_SPI_MspInit  spi.o
    0x0800864a   0x0800864a   0x00000006   PAD
    0x08008650   0x08008650   0x00000014   Code   RO         1482    .text.HAL_SYSCFG_AnalogSwitchConfig  stm32h7xx_hal.o
    0x08008664   0x08008664   0x00000004   PAD
    0x08008668   0x08008668   0x00000002   Code   RO          711    .text.HAL_TIMEx_Break2Callback  stm32h7xx_hal_tim_ex.o
    0x0800866a   0x0800866a   0x00000006   PAD
    0x08008670   0x08008670   0x00000002   Code   RO          709    .text.HAL_TIMEx_BreakCallback  stm32h7xx_hal_tim_ex.o
    0x08008672   0x08008672   0x00000006   PAD
    0x08008678   0x08008678   0x00000002   Code   RO          705    .text.HAL_TIMEx_CommutCallback  stm32h7xx_hal_tim_ex.o
    0x0800867a   0x0800867a   0x00000006   PAD
    0x08008680   0x08008680   0x000000d2   Code   RO          691    .text.HAL_TIMEx_ConfigBreakDeadTime  stm32h7xx_hal_tim_ex.o
    0x08008752   0x08008752   0x00000006   PAD
    0x08008758   0x08008758   0x000000e4   Code   RO          689    .text.HAL_TIMEx_MasterConfigSynchronization  stm32h7xx_hal_tim_ex.o
    0x0800883c   0x0800883c   0x00000004   PAD
    0x08008840   0x08008840   0x00000060   Code   RO          394    .text.HAL_TIM_Base_Init  stm32h7xx_hal_tim.o
    0x080088a0   0x080088a0   0x00000002   Code   RO          396    .text.HAL_TIM_Base_MspInit  stm32h7xx_hal_tim.o
    0x080088a2   0x080088a2   0x00000006   PAD
    0x080088a8   0x080088a8   0x000000ca   Code   RO          408    .text.HAL_TIM_Base_Start_IT  stm32h7xx_hal_tim.o
    0x08008972   0x08008972   0x00000006   PAD
    0x08008978   0x08008978   0x00000002   Code   RO          530    .text.HAL_TIM_IC_CaptureCallback  stm32h7xx_hal_tim.o
    0x0800897a   0x0800897a   0x00000006   PAD
    0x08008980   0x08008980   0x00000166   Code   RO          528    .text.HAL_TIM_IRQHandler  stm32h7xx_hal_tim.o
    0x08008ae6   0x08008ae6   0x00000002   PAD
    0x08008ae8   0x08008ae8   0x00000104   Code   RO          131    .text.HAL_TIM_MspPostInit  tim.o
    0x08008bec   0x08008bec   0x00000004   PAD
    0x08008bf0   0x08008bf0   0x00000002   Code   RO          532    .text.HAL_TIM_OC_DelayElapsedCallback  stm32h7xx_hal_tim.o
    0x08008bf2   0x08008bf2   0x00000006   PAD
    0x08008bf8   0x08008bf8   0x000004a4   Code   RO          548    .text.HAL_TIM_PWM_ConfigChannel  stm32h7xx_hal_tim.o
    0x0800909c   0x0800909c   0x00000004   PAD
    0x080090a0   0x080090a0   0x00000060   Code   RO          448    .text.HAL_TIM_PWM_Init  stm32h7xx_hal_tim.o
    0x08009100   0x08009100   0x0000009e   Code   RO          139    .text.HAL_TIM_PWM_MspInit  tim.o
    0x0800919e   0x0800919e   0x00000002   PAD
    0x080091a0   0x080091a0   0x00000002   Code   RO          534    .text.HAL_TIM_PWM_PulseFinishedCallback  stm32h7xx_hal_tim.o
    0x080091a2   0x080091a2   0x00000006   PAD
    0x080091a8   0x080091a8   0x00000014   Code   RO           17    .text.HAL_TIM_PeriodElapsedCallback  main.o
    0x080091bc   0x080091bc   0x00000004   PAD
    0x080091c0   0x080091c0   0x00000002   Code   RO          538    .text.HAL_TIM_TriggerCallback  stm32h7xx_hal_tim.o
    0x080091c2   0x080091c2   0x00000006   PAD
    0x080091c8   0x080091c8   0x00000036   Code   RO         2462    .text.HAL_UARTEx_DisableFifoMode  stm32h7xx_hal_uart_ex.o
    0x080091fe   0x080091fe   0x00000002   PAD
    0x08009200   0x08009200   0x00000002   Code   RO         2389    .text.HAL_UARTEx_RxEventCallback  stm32h7xx_hal_uart.o
    0x08009202   0x08009202   0x00000006   PAD
    0x08009208   0x08009208   0x00000002   Code   RO         2448    .text.HAL_UARTEx_RxFifoFullCallback  stm32h7xx_hal_uart_ex.o
    0x0800920a   0x0800920a   0x00000006   PAD
    0x08009210   0x08009210   0x00000096   Code   RO         2466    .text.HAL_UARTEx_SetRxFifoThreshold  stm32h7xx_hal_uart_ex.o
    0x080092a6   0x080092a6   0x00000002   PAD
    0x080092a8   0x080092a8   0x00000096   Code   RO         2464    .text.HAL_UARTEx_SetTxFifoThreshold  stm32h7xx_hal_uart_ex.o
    0x0800933e   0x0800933e   0x00000002   PAD
    0x08009340   0x08009340   0x00000002   Code   RO         2450    .text.HAL_UARTEx_TxFifoEmptyCallback  stm32h7xx_hal_uart_ex.o
    0x08009342   0x08009342   0x00000006   PAD
    0x08009348   0x08009348   0x00000002   Code   RO         2446    .text.HAL_UARTEx_WakeupCallback  stm32h7xx_hal_uart_ex.o
    0x0800934a   0x0800934a   0x00000006   PAD
    0x08009350   0x08009350   0x00000002   Code   RO         2387    .text.HAL_UART_ErrorCallback  stm32h7xx_hal_uart.o
    0x08009352   0x08009352   0x00000006   PAD
    0x08009358   0x08009358   0x00000478   Code   RO         2383    .text.HAL_UART_IRQHandler  stm32h7xx_hal_uart.o
    0x080097d0   0x080097d0   0x00000064   Code   RO         2299    .text.HAL_UART_Init  stm32h7xx_hal_uart.o
    0x08009834   0x08009834   0x00000004   PAD
    0x08009838   0x08009838   0x000002a8   Code   RO          165    .text.HAL_UART_MspInit  usart.o
    0x08009ae0   0x08009ae0   0x000000fa   Code   RO         2319    .text.HAL_UART_Transmit  stm32h7xx_hal_uart.o
    0x08009bda   0x08009bda   0x00000006   PAD
    0x08009be0   0x08009be0   0x00000002   Code   RO         2391    .text.HAL_UART_TxCpltCallback  stm32h7xx_hal_uart.o
    0x08009be2   0x08009be2   0x00000006   PAD
    0x08009be8   0x08009be8   0x00000002   Code   RO          184    .text.HardFault_Handler  stm32h7xx_it.o
    0x08009bea   0x08009bea   0x00000006   PAD
    0x08009bf0   0x08009bf0   0x000000ce   Code   RO           45    .text.MX_ADC1_Init  adc.o
    0x08009cbe   0x08009cbe   0x00000002   PAD
    0x08009cc0   0x08009cc0   0x00000034   Code   RO           61    .text.MX_DMA_Init   dma.o
    0x08009cf4   0x08009cf4   0x00000004   PAD
    0x08009cf8   0x08009cf8   0x00000074   Code   RO           70    .text.MX_FDCAN1_Init  fdcan.o
    0x08009d6c   0x08009d6c   0x00000004   PAD
    0x08009d70   0x08009d70   0x00000068   Code   RO           72    .text.MX_FDCAN2_Init  fdcan.o
    0x08009dd8   0x08009dd8   0x00000068   Code   RO           74    .text.MX_FDCAN3_Init  fdcan.o
    0x08009e40   0x08009e40   0x000001a8   Code   RO           36    .text.MX_GPIO_Init  gpio.o
    0x08009fe8   0x08009fe8   0x0000007e   Code   RO           93    .text.MX_OCTOSPI2_Init  octospi.o
    0x0800a066   0x0800a066   0x00000002   PAD
    0x0800a068   0x0800a068   0x00000066   Code   RO          108    .text.MX_SPI1_Init  spi.o
    0x0800a0ce   0x0800a0ce   0x00000002   PAD
    0x0800a0d0   0x0800a0d0   0x00000062   Code   RO          110    .text.MX_SPI2_Init  spi.o
    0x0800a132   0x0800a132   0x00000006   PAD
    0x0800a138   0x0800a138   0x00000066   Code   RO          112    .text.MX_SPI6_Init  spi.o
    0x0800a19e   0x0800a19e   0x00000002   PAD
    0x0800a1a0   0x0800a1a0   0x00000090   Code   RO          137    .text.MX_TIM12_Init  tim.o
    0x0800a230   0x0800a230   0x000000ee   Code   RO          129    .text.MX_TIM1_Init  tim.o
    0x0800a31e   0x0800a31e   0x00000002   PAD
    0x0800a320   0x0800a320   0x000000a6   Code   RO          133    .text.MX_TIM2_Init  tim.o
    0x0800a3c6   0x0800a3c6   0x00000002   PAD
    0x0800a3c8   0x0800a3c8   0x00000092   Code   RO          135    .text.MX_TIM3_Init  tim.o
    0x0800a45a   0x0800a45a   0x00000006   PAD
    0x0800a460   0x0800a460   0x0000007c   Code   RO          155    .text.MX_UART7_Init  usart.o
    0x0800a4dc   0x0800a4dc   0x00000004   PAD
    0x0800a4e0   0x0800a4e0   0x0000007c   Code   RO          163    .text.MX_USART10_UART_Init  usart.o
    0x0800a55c   0x0800a55c   0x00000004   PAD
    0x0800a560   0x0800a560   0x0000007c   Code   RO          157    .text.MX_USART1_UART_Init  usart.o
    0x0800a5dc   0x0800a5dc   0x00000004   PAD
    0x0800a5e0   0x0800a5e0   0x00000080   Code   RO          159    .text.MX_USART2_UART_Init  usart.o
    0x0800a660   0x0800a660   0x00000080   Code   RO          161    .text.MX_USART3_UART_Init  usart.o
    0x0800a6e0   0x0800a6e0   0x0000006c   Code   RO          260    .text.MX_USB_DEVICE_Init  usb_device.o
    0x0800a74c   0x0800a74c   0x00000004   PAD
    0x0800a750   0x0800a750   0x00000002   Code   RO          186    .text.MemManage_Handler  stm32h7xx_it.o
    0x0800a752   0x0800a752   0x00000006   PAD
    0x0800a758   0x0800a758   0x00000002   Code   RO          182    .text.NMI_Handler   stm32h7xx_it.o
    0x0800a75a   0x0800a75a   0x00000006   PAD
    0x0800a760   0x0800a760   0x0000000c   Code   RO          218    .text.OTG_HS_IRQHandler  stm32h7xx_it.o
    0x0800a76c   0x0800a76c   0x00000004   PAD
    0x0800a770   0x0800a770   0x00000002   Code   RO          196    .text.PendSV_Handler  stm32h7xx_it.o
    0x0800a772   0x0800a772   0x00000006   PAD
    0x0800a778   0x0800a778   0x0000011e   Code   RO          969    .text.RCCEx_PLL2_Config  stm32h7xx_hal_rcc_ex.o
    0x0800a896   0x0800a896   0x00000002   PAD
    0x0800a898   0x0800a898   0x0000011e   Code   RO          971    .text.RCCEx_PLL3_Config  stm32h7xx_hal_rcc_ex.o
    0x0800a9b6   0x0800a9b6   0x00000002   PAD
    0x0800a9b8   0x0800a9b8   0x00000002   Code   RO          192    .text.SVC_Handler   stm32h7xx_it.o
    0x0800a9ba   0x0800a9ba   0x00000006   PAD
    0x0800a9c0   0x0800a9c0   0x00000002   Code   RO          198    .text.SysTick_Handler  stm32h7xx_it.o
    0x0800a9c2   0x0800a9c2   0x00000006   PAD
    0x0800a9c8   0x0800a9c8   0x000000d2   Code   RO         2485    .text.SystemInit    system_stm32h7xx.o
    0x0800aa9a   0x0800aa9a   0x00000006   PAD
    0x0800aaa0   0x0800aaa0   0x0000000c   Code   RO          228    .text.TIM23_IRQHandler  stm32h7xx_it.o
    0x0800aaac   0x0800aaac   0x00000004   PAD
    0x0800aab0   0x0800aab0   0x0000015a   Code   RO          398    .text.TIM_Base_SetConfig  stm32h7xx_hal_tim.o
    0x0800ac0a   0x0800ac0a   0x00000006   PAD
    0x0800ac10   0x0800ac10   0x0000000c   Code   RO          220    .text.UART7_IRQHandler  stm32h7xx_it.o
    0x0800ac1c   0x0800ac1c   0x00000004   PAD
    0x0800ac20   0x0800ac20   0x000000e0   Code   RO         2303    .text.UART_AdvFeatureConfig  stm32h7xx_hal_uart.o
    0x0800ad00   0x0800ad00   0x000000b8   Code   RO         2307    .text.UART_CheckIdleState  stm32h7xx_hal_uart.o
    0x0800adb8   0x0800adb8   0x0000000c   Code   RO         2385    .text.UART_DMAAbortOnError  stm32h7xx_hal_uart.o
    0x0800adc4   0x0800adc4   0x00000004   PAD
    0x0800adc8   0x0800adc8   0x0000046c   Code   RO         2305    .text.UART_SetConfig  stm32h7xx_hal_uart.o
    0x0800b234   0x0800b234   0x00000004   PAD
    0x0800b238   0x0800b238   0x0000013e   Code   RO         2321    .text.UART_WaitOnFlagUntilTimeout  stm32h7xx_hal_uart.o
    0x0800b376   0x0800b376   0x00000002   PAD
    0x0800b378   0x0800b378   0x0000000c   Code   RO          222    .text.USART10_IRQHandler  stm32h7xx_it.o
    0x0800b384   0x0800b384   0x00000004   PAD
    0x0800b388   0x0800b388   0x0000000c   Code   RO          210    .text.USART1_IRQHandler  stm32h7xx_it.o
    0x0800b394   0x0800b394   0x00000004   PAD
    0x0800b398   0x0800b398   0x0000000c   Code   RO          212    .text.USART2_IRQHandler  stm32h7xx_it.o
    0x0800b3a4   0x0800b3a4   0x00000004   PAD
    0x0800b3a8   0x0800b3a8   0x0000000c   Code   RO          214    .text.USART3_IRQHandler  stm32h7xx_it.o
    0x0800b3b4   0x0800b3b4   0x00000004   PAD
    0x0800b3b8   0x0800b3b8   0x00000072   Code   RO         2609    .text.USBD_CDC_DataIn  usbd_cdc.o
    0x0800b42a   0x0800b42a   0x00000006   PAD
    0x0800b430   0x0800b430   0x0000003c   Code   RO         2611    .text.USBD_CDC_DataOut  usbd_cdc.o
    0x0800b46c   0x0800b46c   0x00000004   PAD
    0x0800b470   0x0800b470   0x0000005a   Code   RO         2603    .text.USBD_CDC_DeInit  usbd_cdc.o
    0x0800b4ca   0x0800b4ca   0x00000006   PAD
    0x0800b4d0   0x0800b4d0   0x00000036   Code   RO         2607    .text.USBD_CDC_EP0_RxReady  usbd_cdc.o
    0x0800b506   0x0800b506   0x00000002   PAD
    0x0800b508   0x0800b508   0x00000010   Code   RO         2619    .text.USBD_CDC_GetDeviceQualifierDescriptor  usbd_cdc.o
    0x0800b518   0x0800b518   0x00000052   Code   RO         2615    .text.USBD_CDC_GetFSCfgDesc  usbd_cdc.o
    0x0800b56a   0x0800b56a   0x00000006   PAD
    0x0800b570   0x0800b570   0x00000056   Code   RO         2613    .text.USBD_CDC_GetHSCfgDesc  usbd_cdc.o
    0x0800b5c6   0x0800b5c6   0x00000002   PAD
    0x0800b5c8   0x0800b5c8   0x00000052   Code   RO         2617    .text.USBD_CDC_GetOtherSpeedCfgDesc  usbd_cdc.o
    0x0800b61a   0x0800b61a   0x00000006   PAD
    0x0800b620   0x0800b620   0x000000cc   Code   RO         2601    .text.USBD_CDC_Init  usbd_cdc.o
    0x0800b6ec   0x0800b6ec   0x00000004   PAD
    0x0800b6f0   0x0800b6f0   0x00000030   Code   RO         2629    .text.USBD_CDC_ReceivePacket  usbd_cdc.o
    0x0800b720   0x0800b720   0x00000016   Code   RO         2621    .text.USBD_CDC_RegisterInterface  usbd_cdc.o
    0x0800b736   0x0800b736   0x00000002   PAD
    0x0800b738   0x0800b738   0x0000001a   Code   RO         2625    .text.USBD_CDC_SetRxBuffer  usbd_cdc.o
    0x0800b752   0x0800b752   0x00000006   PAD
    0x0800b758   0x0800b758   0x0000001e   Code   RO         2623    .text.USBD_CDC_SetTxBuffer  usbd_cdc.o
    0x0800b776   0x0800b776   0x00000002   PAD
    0x0800b778   0x0800b778   0x000000d8   Code   RO         2605    .text.USBD_CDC_Setup  usbd_cdc.o
    0x0800b850   0x0800b850   0x00000012   Code   RO         2516    .text.USBD_ClrClassConfig  usbd_core.o
    0x0800b862   0x0800b862   0x00000006   PAD
    0x0800b868   0x0800b868   0x00000004   Code   RO         2524    .text.USBD_CoreFindEP  usbd_core.o
    0x0800b86c   0x0800b86c   0x00000004   PAD
    0x0800b870   0x0800b870   0x00000004   Code   RO         2522    .text.USBD_CoreFindIF  usbd_core.o
    0x0800b874   0x0800b874   0x00000004   PAD
    0x0800b878   0x0800b878   0x00000010   Code   RO         2585    .text.USBD_CtlContinueRx  usbd_ioreq.o
    0x0800b888   0x0800b888   0x00000010   Code   RO         2581    .text.USBD_CtlContinueSendData  usbd_ioreq.o
    0x0800b898   0x0800b898   0x00000016   Code   RO         2560    .text.USBD_CtlError  usbd_ctlreq.o
    0x0800b8ae   0x0800b8ae   0x00000002   PAD
    0x0800b8b0   0x0800b8b0   0x0000001e   Code   RO         2583    .text.USBD_CtlPrepareRx  usbd_ioreq.o
    0x0800b8ce   0x0800b8ce   0x00000002   PAD
    0x0800b8d0   0x0800b8d0   0x00000016   Code   RO         2589    .text.USBD_CtlReceiveStatus  usbd_ioreq.o
    0x0800b8e6   0x0800b8e6   0x00000002   PAD
    0x0800b8e8   0x0800b8e8   0x0000001a   Code   RO         2579    .text.USBD_CtlSendData  usbd_ioreq.o
    0x0800b902   0x0800b902   0x00000006   PAD
    0x0800b908   0x0800b908   0x00000016   Code   RO         2587    .text.USBD_CtlSendStatus  usbd_ioreq.o
    0x0800b91e   0x0800b91e   0x00000002   PAD
    0x0800b920   0x0800b920   0x00000034   Code   RO         2546    .text.USBD_GetEpDesc  usbd_core.o
    0x0800b954   0x0800b954   0x00000004   PAD
    0x0800b958   0x0800b958   0x0000007c   Code   RO         2568    .text.USBD_GetString  usbd_ctlreq.o
    0x0800b9d4   0x0800b9d4   0x00000004   PAD
    0x0800b9d8   0x0800b9d8   0x00000024   Code   RO          279    .text.USBD_HS_ConfigStrDescriptor  usbd_desc.o
    0x0800b9fc   0x0800b9fc   0x00000004   PAD
    0x0800ba00   0x0800ba00   0x0000000e   Code   RO          269    .text.USBD_HS_DeviceDescriptor  usbd_desc.o
    0x0800ba0e   0x0800ba0e   0x00000002   PAD
    0x0800ba10   0x0800ba10   0x00000028   Code   RO          281    .text.USBD_HS_InterfaceStrDescriptor  usbd_desc.o
    0x0800ba38   0x0800ba38   0x0000000e   Code   RO          271    .text.USBD_HS_LangIDStrDescriptor  usbd_desc.o
    0x0800ba46   0x0800ba46   0x00000002   PAD
    0x0800ba48   0x0800ba48   0x0000002c   Code   RO          273    .text.USBD_HS_ManufacturerStrDescriptor  usbd_desc.o
    0x0800ba74   0x0800ba74   0x00000004   PAD
    0x0800ba78   0x0800ba78   0x00000030   Code   RO          275    .text.USBD_HS_ProductStrDescriptor  usbd_desc.o
    0x0800baa8   0x0800baa8   0x00000080   Code   RO          277    .text.USBD_HS_SerialStrDescriptor  usbd_desc.o
    0x0800bb28   0x0800bb28   0x00000028   Code   RO         2502    .text.USBD_Init     usbd_core.o
    0x0800bb50   0x0800bb50   0x00000022   Code   RO          366    .text.USBD_LL_ClearStallEP  usbd_conf.o
    0x0800bb72   0x0800bb72   0x00000006   PAD
    0x0800bb78   0x0800bb78   0x00000022   Code   RO          360    .text.USBD_LL_CloseEP  usbd_conf.o
    0x0800bb9a   0x0800bb9a   0x00000006   PAD
    0x0800bba0   0x0800bba0   0x000000b0   Code   RO         2526    .text.USBD_LL_DataInStage  usbd_core.o
    0x0800bc50   0x0800bc50   0x0000007a   Code   RO         2520    .text.USBD_LL_DataOutStage  usbd_core.o
    0x0800bcca   0x0800bcca   0x00000006   PAD
    0x0800bcd0   0x0800bcd0   0x00000004   Code   RO         2542    .text.USBD_LL_DevConnected  usbd_core.o
    0x0800bcd4   0x0800bcd4   0x00000004   PAD
    0x0800bcd8   0x0800bcd8   0x00000020   Code   RO         2544    .text.USBD_LL_DevDisconnected  usbd_core.o
    0x0800bcf8   0x0800bcf8   0x00000008   Code   RO          376    .text.USBD_LL_GetRxDataSize  usbd_conf.o
    0x0800bd00   0x0800bd00   0x00000072   Code   RO          348    .text.USBD_LL_Init  usbd_conf.o
    0x0800bd72   0x0800bd72   0x00000006   PAD
    0x0800bd78   0x0800bd78   0x00000022   Code   RO          368    .text.USBD_LL_IsStallEP  usbd_conf.o
    0x0800bd9a   0x0800bd9a   0x00000006   PAD
    0x0800bda0   0x0800bda0   0x0000002a   Code   RO         2538    .text.USBD_LL_IsoINIncomplete  usbd_core.o
    0x0800bdca   0x0800bdca   0x00000006   PAD
    0x0800bdd0   0x0800bdd0   0x0000002a   Code   RO         2540    .text.USBD_LL_IsoOUTIncomplete  usbd_core.o
    0x0800bdfa   0x0800bdfa   0x00000006   PAD
    0x0800be00   0x0800be00   0x00000028   Code   RO          358    .text.USBD_LL_OpenEP  usbd_conf.o
    0x0800be28   0x0800be28   0x00000022   Code   RO          374    .text.USBD_LL_PrepareReceive  usbd_conf.o
    0x0800be4a   0x0800be4a   0x00000006   PAD
    0x0800be50   0x0800be50   0x00000060   Code   RO         2528    .text.USBD_LL_Reset  usbd_core.o
    0x0800beb0   0x0800beb0   0x00000014   Code   RO         2534    .text.USBD_LL_Resume  usbd_core.o
    0x0800bec4   0x0800bec4   0x00000004   PAD
    0x0800bec8   0x0800bec8   0x0000001e   Code   RO         2536    .text.USBD_LL_SOF   usbd_core.o
    0x0800bee6   0x0800bee6   0x00000002   PAD
    0x0800bee8   0x0800bee8   0x00000008   Code   RO         2530    .text.USBD_LL_SetSpeed  usbd_core.o
    0x0800bef0   0x0800bef0   0x00000022   Code   RO          370    .text.USBD_LL_SetUSBAddress  usbd_conf.o
    0x0800bf12   0x0800bf12   0x00000006   PAD
    0x0800bf18   0x0800bf18   0x00000060   Code   RO         2518    .text.USBD_LL_SetupStage  usbd_core.o
    0x0800bf78   0x0800bf78   0x00000022   Code   RO          364    .text.USBD_LL_StallEP  usbd_conf.o
    0x0800bf9a   0x0800bf9a   0x00000006   PAD
    0x0800bfa0   0x0800bfa0   0x00000022   Code   RO          354    .text.USBD_LL_Start  usbd_conf.o
    0x0800bfc2   0x0800bfc2   0x00000006   PAD
    0x0800bfc8   0x0800bfc8   0x0000001c   Code   RO         2532    .text.USBD_LL_Suspend  usbd_core.o
    0x0800bfe4   0x0800bfe4   0x00000004   PAD
    0x0800bfe8   0x0800bfe8   0x00000022   Code   RO          372    .text.USBD_LL_Transmit  usbd_conf.o
    0x0800c00a   0x0800c00a   0x00000006   PAD
    0x0800c010   0x0800c010   0x00000016   Code   RO         2566    .text.USBD_ParseSetupRequest  usbd_ctlreq.o
    0x0800c026   0x0800c026   0x00000002   PAD
    0x0800c028   0x0800c028   0x00000044   Code   RO         2506    .text.USBD_RegisterClass  usbd_core.o
    0x0800c06c   0x0800c06c   0x00000004   PAD
    0x0800c070   0x0800c070   0x0000000e   Code   RO         2514    .text.USBD_SetClassConfig  usbd_core.o
    0x0800c07e   0x0800c07e   0x00000002   PAD
    0x0800c080   0x0800c080   0x00000004   Code   RO         2508    .text.USBD_Start    usbd_core.o
    0x0800c084   0x0800c084   0x00000004   PAD
    0x0800c088   0x0800c088   0x0000034e   Code   RO         2558    .text.USBD_StdDevReq  usbd_ctlreq.o
    0x0800c3d6   0x0800c3d6   0x00000002   PAD
    0x0800c3d8   0x0800c3d8   0x0000014e   Code   RO         2564    .text.USBD_StdEPReq  usbd_ctlreq.o
    0x0800c526   0x0800c526   0x00000002   PAD
    0x0800c528   0x0800c528   0x00000078   Code   RO         2562    .text.USBD_StdItfReq  usbd_ctlreq.o
    0x0800c5a0   0x0800c5a0   0x00000002   Code   RO          380    .text.USBD_static_free  usbd_conf.o
    0x0800c5a2   0x0800c5a2   0x00000006   PAD
    0x0800c5a8   0x0800c5a8   0x0000000a   Code   RO          378    .text.USBD_static_malloc  usbd_conf.o
    0x0800c5b2   0x0800c5b2   0x00000006   PAD
    0x0800c5b8   0x0800c5b8   0x00000088   Code   RO          849    .text.USB_ActivateEndpoint  stm32h7xx_ll_usb.o
    0x0800c640   0x0800c640   0x00000020   Code   RO          891    .text.USB_ActivateSetup  stm32h7xx_ll_usb.o
    0x0800c660   0x0800c660   0x00000114   Code   RO          827    .text.USB_CoreInit  stm32h7xx_ll_usb.o
    0x0800c774   0x0800c774   0x00000004   PAD
    0x0800c778   0x0800c778   0x00000086   Code   RO          853    .text.USB_DeactivateEndpoint  stm32h7xx_ll_usb.o
    0x0800c7fe   0x0800c7fe   0x00000002   PAD
    0x0800c800   0x0800c800   0x0000001e   Code   RO          873    .text.USB_DevConnect  stm32h7xx_ll_usb.o
    0x0800c81e   0x0800c81e   0x00000002   PAD
    0x0800c820   0x0800c820   0x0000001e   Code   RO          875    .text.USB_DevDisconnect  stm32h7xx_ll_usb.o
    0x0800c83e   0x0800c83e   0x00000002   PAD
    0x0800c840   0x0800c840   0x000001e8   Code   RO          839    .text.USB_DevInit   stm32h7xx_ll_usb.o
    0x0800ca28   0x0800ca28   0x0000000e   Code   RO          833    .text.USB_DisableGlobalInt  stm32h7xx_ll_usb.o
    0x0800ca36   0x0800ca36   0x00000002   PAD
    0x0800ca38   0x0800ca38   0x0000005a   Code   RO          893    .text.USB_EP0_OutStart  stm32h7xx_ll_usb.o
    0x0800ca92   0x0800ca92   0x00000006   PAD
    0x0800ca98   0x0800ca98   0x00000050   Code   RO          867    .text.USB_EPClearStall  stm32h7xx_ll_usb.o
    0x0800cae8   0x0800cae8   0x0000003e   Code   RO          865    .text.USB_EPSetStall  stm32h7xx_ll_usb.o
    0x0800cb26   0x0800cb26   0x00000002   PAD
    0x0800cb28   0x0800cb28   0x000001f4   Code   RO          857    .text.USB_EPStartXfer  stm32h7xx_ll_usb.o
    0x0800cd1c   0x0800cd1c   0x00000004   PAD
    0x0800cd20   0x0800cd20   0x0000008a   Code   RO          861    .text.USB_EPStopXfer  stm32h7xx_ll_usb.o
    0x0800cdaa   0x0800cdaa   0x00000006   PAD
    0x0800cdb0   0x0800cdb0   0x0000000e   Code   RO          831    .text.USB_EnableGlobalInt  stm32h7xx_ll_usb.o
    0x0800cdbe   0x0800cdbe   0x00000002   PAD
    0x0800cdc0   0x0800cdc0   0x00000048   Code   RO          843    .text.USB_FlushTxFifo  stm32h7xx_ll_usb.o
    0x0800ce08   0x0800ce08   0x0000001a   Code   RO          847    .text.USB_GetDevSpeed  stm32h7xx_ll_usb.o
    0x0800ce22   0x0800ce22   0x00000006   PAD
    0x0800ce28   0x0800ce28   0x00000008   Code   RO          837    .text.USB_GetMode   stm32h7xx_ll_usb.o
    0x0800ce30   0x0800ce30   0x0000000e   Code   RO          883    .text.USB_ReadDevAllInEpInterrupt  stm32h7xx_ll_usb.o
    0x0800ce3e   0x0800ce3e   0x00000002   PAD
    0x0800ce40   0x0800ce40   0x0000000e   Code   RO          881    .text.USB_ReadDevAllOutEpInterrupt  stm32h7xx_ll_usb.o
    0x0800ce4e   0x0800ce4e   0x00000002   PAD
    0x0800ce50   0x0800ce50   0x00000024   Code   RO          887    .text.USB_ReadDevInEPInterrupt  stm32h7xx_ll_usb.o
    0x0800ce74   0x0800ce74   0x00000004   PAD
    0x0800ce78   0x0800ce78   0x00000010   Code   RO          885    .text.USB_ReadDevOutEPInterrupt  stm32h7xx_ll_usb.o
    0x0800ce88   0x0800ce88   0x00000008   Code   RO          877    .text.USB_ReadInterrupts  stm32h7xx_ll_usb.o
    0x0800ce90   0x0800ce90   0x0000004e   Code   RO          863    .text.USB_ReadPacket  stm32h7xx_ll_usb.o
    0x0800cede   0x0800cede   0x00000002   PAD
    0x0800cee0   0x0800cee0   0x00000064   Code   RO          835    .text.USB_SetCurrentMode  stm32h7xx_ll_usb.o
    0x0800cf44   0x0800cf44   0x00000004   PAD
    0x0800cf48   0x0800cf48   0x00000022   Code   RO          871    .text.USB_SetDevAddress  stm32h7xx_ll_usb.o
    0x0800cf6a   0x0800cf6a   0x00000006   PAD
    0x0800cf70   0x0800cf70   0x00000110   Code   RO          829    .text.USB_SetTurnaroundTime  stm32h7xx_ll_usb.o
    0x0800d080   0x0800d080   0x0000003a   Code   RO          859    .text.USB_WritePacket  stm32h7xx_ll_usb.o
    0x0800d0ba   0x0800d0ba   0x00000006   PAD
    0x0800d0c0   0x0800d0c0   0x00000002   Code   RO          190    .text.UsageFault_Handler  stm32h7xx_it.o
    0x0800d0c2   0x0800d0c2   0x00000006   PAD
    0x0800d0c8   0x0800d0c8   0x00000028   Code   RO           19    .text._GLOBAL__sub_I_main.c  main.o
    0x0800d0f0   0x0800d0f0   0x000000c0   Code   RO           13    .text._Z18SystemClock_Configv  main.o
    0x0800d1b0   0x0800d1b0   0x00000040   Code   RO           32    .text._ZN13Uart_Instance6printfEPKcz  main.o
    0x0800d1f0   0x0800d1f0   0x00000008   Code   RO         2681    .text._ZN13Uart_InstanceC2EP20__UART_HandleTypeDefb  bsp_usart.o
    0x0800d1f8   0x0800d1f8   0x00000054   Code   RO         2863    .text._ZN9Scheduler3runEv  scheduler.o
    0x0800d24c   0x0800d24c   0x00000004   PAD
    0x0800d250   0x0800d250   0x00000014   Code   RO         2857    .text._ZN9Scheduler4initEv  scheduler.o
    0x0800d264   0x0800d264   0x00000004   PAD
    0x0800d268   0x0800d268   0x0000016e   Code   RO         2861    .text._ZN9Scheduler7addTaskEPFvvEjh  scheduler.o
    0x0800d3d6   0x0800d3d6   0x00000002   PAD
    0x0800d3d8   0x0800d3d8   0x0000002c   Code   RO         2855    .text._ZN9SchedulerC2Ev  scheduler.o
    0x0800d404   0x0800d404   0x00000004   PAD
    0x0800d408   0x0800d408   0x0000005a   Code   RO         2642    .text.bsp_can_init  bsp_fdcan.o
    0x0800d462   0x0800d462   0x00000006   PAD
    0x0800d468   0x0800d468   0x00000104   Code   RO         2646    .text.bsp_fdcan_set_baud  bsp_fdcan.o
    0x0800d56c   0x0800d56c   0x00000004   PAD
    0x0800d570   0x0800d570   0x000001b0   Code   RO         2755    .text.dm_motor_ctrl_send  dm_motor_drv.o
    0x0800d720   0x0800d720   0x00000076   Code   RO         2749    .text.dm_motor_disable  dm_motor_drv.o
    0x0800d796   0x0800d796   0x00000002   PAD
    0x0800d798   0x0800d798   0x0000006a   Code   RO         2745    .text.dm_motor_enable  dm_motor_drv.o
    0x0800d802   0x0800d802   0x00000006   PAD
    0x0800d808   0x0800d808   0x000000c8   Code   RO         2769    .text.dm_motor_fbdata  dm_motor_drv.o
    0x0800d8d0   0x0800d8d0   0x00000060   Code   RO         2728    .text.dm_motor_init  dm_motor_ctrl.o
    0x0800d930   0x0800d930   0x00000044   Code   RO         2734    .text.fdcan1_rx_callback  dm_motor_ctrl.o
    0x0800d974   0x0800d974   0x00000004   PAD
    0x0800d978   0x0800d978   0x0000003c   Code   RO         2650    .text.fdcanx_receive  bsp_fdcan.o
    0x0800d9b4   0x0800d9b4   0x00000004   PAD
    0x0800d9b8   0x0800d9b8   0x000000aa   Code   RO         2648    .text.fdcanx_send_data  bsp_fdcan.o
    0x0800da62   0x0800da62   0x00000006   PAD
    0x0800da68   0x0800da68   0x000000e4   Code   RO           11    .text.main          main.o
    0x0800db4c   0x0800db4c   0x00000004   PAD
    0x0800db50   0x0800db50   0x0000008c   Code   RO         2811    .text.motor_task_init  motor_task.o
    0x0800dbdc   0x0800dbdc   0x00000004   PAD
    0x0800dbe0   0x0800dbe0   0x00000284   Code   RO         2813    .text.motor_task_proc  motor_task.o
    0x0800de64   0x0800de64   0x00000004   PAD
    0x0800de68   0x0800de68   0x0000004c   Code   RO         2730    .text.read_all_motor_data  dm_motor_ctrl.o
    0x0800deb4   0x0800deb4   0x00000004   PAD
    0x0800deb8   0x0800deb8   0x00000036   Code   RO         2777    .text.read_motor_data  dm_motor_drv.o
    0x0800deee   0x0800deee   0x00000002   PAD
    0x0800def0   0x0800def0   0x00000232   Code   RO         2732    .text.receive_motor_data  dm_motor_ctrl.o
    0x0800e122   0x0800e122   0x00000006   PAD
    0x0800e128   0x0800e128   0x00000030   Code   RO         2783    .text.save_motor_data  dm_motor_drv.o
    0x0800e158   0x0800e158   0x00000018   Code   RO         2832    .text.uart_task_init  uart_task.o
    0x0800e170   0x0800e170   0x00000094   Code   RO         2834    .text.uart_task_proc  uart_task.o
    0x0800e204   0x0800e204   0x00000004   PAD
    0x0800e208   0x0800e208   0x00000046   Code   RO         2781    .text.write_motor_data  dm_motor_drv.o
    0x0800e24e   0x0800e24e   0x0000003e   Code   RO         3316    CL$$btod_d2e        c_w.l(btod.o)
    0x0800e28c   0x0800e28c   0x00000046   Code   RO         3318    CL$$btod_d2e_denorm_low  c_w.l(btod.o)
    0x0800e2d2   0x0800e2d2   0x00000060   Code   RO         3317    CL$$btod_d2e_norm_op1  c_w.l(btod.o)
    0x0800e332   0x0800e332   0x00000002   PAD
    0x0800e334   0x0800e334   0x00000338   Code   RO         3326    CL$$btod_div_common  c_w.l(btod.o)
    0x0800e66c   0x0800e66c   0x000000dc   Code   RO         3323    CL$$btod_e2e        c_w.l(btod.o)
    0x0800e748   0x0800e748   0x0000002a   Code   RO         3320    CL$$btod_ediv       c_w.l(btod.o)
    0x0800e772   0x0800e772   0x0000002a   Code   RO         3319    CL$$btod_emul       c_w.l(btod.o)
    0x0800e79c   0x0800e79c   0x00000244   Code   RO         3325    CL$$btod_mult_common  c_w.l(btod.o)
    0x0800e9e0   0x0800e9e0   0x00000030   Code   RO         3372    i.__ARM_fpclassify  m_wv.l(fpclassify.o)
    0x0800ea10   0x0800ea10   0x00000026   Code   RO         3223    i.__ARM_fpclassifyf  m_wv.l(fpclassifyf.o)
    0x0800ea36   0x0800ea36   0x00000002   PAD
    0x0800ea38   0x0800ea38   0x00000190   Code   RO         2996    i.__hardfp_sinf     m_wv.l(sinf.o)
    0x0800ebc8   0x0800ebc8   0x00000006   Code   RO         3226    i.__mathlib_flt_infnan  m_wv.l(funder.o)
    0x0800ebce   0x0800ebce   0x00000002   PAD
    0x0800ebd0   0x0800ebd0   0x00000010   Code   RO         3228    i.__mathlib_flt_invalid  m_wv.l(funder.o)
    0x0800ebe0   0x0800ebe0   0x00000010   Code   RO         3231    i.__mathlib_flt_underflow  m_wv.l(funder.o)
    0x0800ebf0   0x0800ebf0   0x00000154   Code   RO         3239    i.__mathlib_rredf2  m_wv.l(rredf.o)
    0x0800ed44   0x0800ed44   0x0000000e   Code   RO         2918    i._is_digit         c_w.l(__printf_wp.o)
    0x0800ed52   0x0800ed52   0x00000002   PAD
    0x0800ed54   0x0800ed54   0x0000002c   Code   RO         3343    locale$$code        c_w.l(lc_numeric_c.o)
    0x0800ed80   0x0800ed80   0x0000002c   Code   RO         3447    locale$$code        c_w.l(lc_ctype_c.o)
    0x0800edac   0x0800edac   0x0000001a   Code   RO         3351    x$fpl$fpinit        fz_wv.l(fpinit.o)
    0x0800edc6   0x0800edc6   0x00000004   Code   RO         2946    x$fpl$printf1       fz_wv.l(printf1.o)
    0x0800edca   0x0800edca   0x00000004   Code   RO         3200    x$fpl$printf2       fz_wv.l(printf2.o)
    0x0800edce   0x0800edce   0x00000000   Code   RO         3206    x$fpl$usenofp       fz_wv.l(usenofp.o)
    0x0800edce   0x0800edce   0x00000011   Data   RO         2926    .constdata          c_w.l(__printf_flags_ss_wp.o)
    0x0800eddf   0x0800eddf   0x00000001   PAD
    0x0800ede0   0x0800ede0   0x00000008   Data   RO         3094    .constdata          c_w.l(_printf_wctomb.o)
    0x0800ede8   0x0800ede8   0x00000028   Data   RO         3123    .constdata          c_w.l(_printf_hex_int_ll_ptr.o)
    0x0800ee10   0x0800ee10   0x00000020   Data   RO         3240    .constdata          m_wv.l(rredf.o)
    0x0800ee30   0x0800ee30   0x00000026   Data   RO         3301    .constdata          c_w.l(_printf_fp_hex.o)
    0x0800ee56   0x0800ee56   0x00000002   PAD
    0x0800ee58   0x0800ee58   0x00000094   Data   RO         3314    .constdata          c_w.l(bigflt0.o)
    0x0800eeec   0x0800eeec   0x0000004c   Data   RO         2083    .rodata..L__const.HAL_FDCAN_Init.CvtEltSize  stm32h7xx_hal_fdcan.o
    0x0800ef38   0x0800ef38   0x00000006   Data   RO         2434    .rodata..Lswitch.table.UART_SetConfig.7  stm32h7xx_hal_uart.o
    0x0800ef3e   0x0800ef3e   0x00000006   Data   RO         2435    .rodata..Lswitch.table.UART_SetConfig.9  stm32h7xx_hal_uart.o
    0x0800ef44   0x0800ef44   0x00000010   Data   RO         2493    .rodata.D1CorePrescTable  system_stm32h7xx.o
    0x0800ef54   0x0800ef54   0x00000018   Data   RO         2433    .rodata.UARTPrescTable  stm32h7xx_hal_uart.o
    0x0800ef6c   0x0800ef6c   0x00000010   Data   RO         2084    .rodata.cst16       stm32h7xx_hal_fdcan.o
    0x0800ef7c   0x0800ef7c   0x00000010   Data   RO         2476    .rodata.cst8        stm32h7xx_hal_uart_ex.o
    0x0800ef8c   0x0800ef8c   0x00000099   Data   RO         2818    .rodata.str1.1      motor_task.o
    0x0800f025   0x0800f025   0x00000003   PAD
    0x0800f028   0x0800f028   0x00000040   Data   RO         3573    Region$$Table       anon$$obj.o
    0x0800f068   0x0800f068   0x0000001c   Data   RO         3342    locale$$data        c_w.l(lc_numeric_c.o)
    0x0800f084   0x0800f084   0x00000110   Data   RO         3446    locale$$data        c_w.l(lc_ctype_c.o)
    0x0800f194   0x0800f194   0x00000004   Data   RO           23    .init_array         main.o
    0x0800f198   0x0800f194   0x00000000   Data   RO         2941    .init_array         c_w.l(init_aeabi.o)


    Execution Region RW_IRAM1 (Exec base: 0x20000000, Load base: 0x0800f198, Size: 0x00001ea0, Max: 0x00020000, ABSOLUTE)

    Exec Addr    Load Addr    Size         Type   Attr      Idx    E Section Name        Object

    0x20000000   0x0800f198   0x00000020   Data   RW          285    .data.HS_Desc       usbd_desc.o
    0x20000020   0x0800f1b8   0x00000004   Data   RW         2491    .data.SystemCoreClock  system_stm32h7xx.o
    0x20000024   0x0800f1bc   0x00000012   Data   RW          286    .data.USBD_HS_DeviceDesc  usbd_desc.o
    0x20000036   0x0800f1ce   0x00000002   PAD
    0x20000038   0x0800f1d0   0x0000001a   Data   RW          289    .data.USBD_StringSerial  usbd_desc.o
    0x20000052   0x0800f1ea   0x00000002   PAD
    0x20000054   0x0800f1ec   0x00000004   Data   RW         1540    .data.uwTickPrio    stm32h7xx_hal.o
    0x20000058        -       0x00000800   Zero   RW          313    .bss.UserTxBufferHS  usbd_cdc_if.o
    0x20000858        -       0x00000004   Zero   RW         2837    .bss._ZL10test_value  uart_task.o
    0x2000085c        -       0x00000004   Zero   RW         2815    .bss._ZL15motor_init_step  motor_task.o
    0x20000860        -       0x00000004   Zero   RW         2819    .bss._ZZ15motor_task_procE1t  motor_task.o
    0x20000864        -       0x00000004   Zero   RW         2821    .bss._ZZ15motor_task_procE8read_cnt  motor_task.o
    0x20000868        -       0x00000100   Zero   RW         2845    .bss._ZZN13Uart_Instance6printfEPKczE6buffer  uart_task.o
    0x20000968        -       0x000002dc   Zero   RW          262    .bss.hUsbDeviceHS   usb_device.o
    0x20000c44        -       0x00000078   Zero   RW           52    .bss.hdma_adc1      adc.o
    0x20000cbc        -       0x000000a0   Zero   RW           81    .bss.hfdcan2        fdcan.o
    0x20000d5c        -       0x0000005c   Zero   RW           99    .bss.hospi2         octospi.o
    0x20000db8        -       0x00000088   Zero   RW          119    .bss.hspi2          spi.o
    0x20000e40        -       0x0000004c   Zero   RW          143    .bss.htim1          tim.o
    0x20000e8c        -       0x0000004c   Zero   RW          251    .bss.htim23         stm32h7xx_hal_timebase_tim.o
    0x20000ed8        -       0x0000004c   Zero   RW          145    .bss.htim3          tim.o
    0x20000f24        -       0x00000094   Zero   RW          173    .bss.huart10        usart.o
    0x20000fb8        -       0x00000094   Zero   RW          171    .bss.huart2         usart.o
    0x2000104c        -       0x00000094   Zero   RW          169    .bss.huart7         usart.o
    0x200010e0        -       0x00000aa0   Zero   RW         2736    .bss.motor          dm_motor_ctrl.o
    0x20001b80        -       0x00000118   Zero   RW           22    .bss.os             main.o
    0x20001c98        -       0x00000008   Zero   RW           21    .bss.uart_log       main.o
    0x20001ca0        -       0x00000200   Zero   RW            2    HEAP                startup_stm32h723xx.o


    Execution Region RW_IRAM2 (Exec base: 0x24000000, Load base: 0x0800f1f0, Size: 0x00001ea8, Max: 0x00020000, ABSOLUTE)

    Exec Addr    Load Addr    Size         Type   Attr      Idx    E Section Name        Object

    0x24000000   0x0800f1f0   0x00000004   Data   RW         2492    .data.SystemD2Clock  system_stm32h7xx.o
    0x24000004   0x0800f1f4   0x00000038   Data   RW         2631    .data.USBD_CDC      usbd_cdc.o
    0x2400003c   0x0800f22c   0x00000043   Data   RW         2633    .data.USBD_CDC_CfgDesc  usbd_cdc.o
    0x2400007f   0x0800f26f   0x00000001   PAD
    0x24000080   0x0800f270   0x0000000a   Data   RW         2632    .data.USBD_CDC_DeviceQualifierDesc  usbd_cdc.o
    0x2400008a   0x0800f27a   0x00000002   PAD
    0x2400008c   0x0800f27c   0x00000014   Data   RW          311    .data.USBD_Interface_fops_HS  usbd_cdc_if.o
    0x240000a0   0x0800f290   0x00000004   Data   RW          288    .data.USBD_LangIDDesc  usbd_desc.o
    0x240000a4   0x0800f294   0x00000001   Data   RW         1541    .data.uwTickFreq    stm32h7xx_hal.o
    0x240000a5   0x0800f295   0x00000003   PAD
    0x240000a8        -       0x00000060   Zero   RW         3379    .bss                c_w.l(libspace.o)
    0x24000108        -       0x00000004   Zero   RW           83    .bss.HAL_RCC_FDCAN_CLK_ENABLED  fdcan.o
    0x2400010c        -       0x00000001   Zero   RW         2570    .bss.USBD_SetConfig.cfgidx  usbd_ctlreq.o
    0x2400010d   0x0800f295   0x00000003   PAD
    0x24000110        -       0x00000200   Zero   RW          290    .bss.USBD_StrDesc   usbd_desc.o
    0x24000310        -       0x00000220   Zero   RW          385    .bss.USBD_static_malloc.mem  usbd_conf.o
    0x24000530        -       0x00000800   Zero   RW          312    .bss.UserRxBufferHS  usbd_cdc_if.o
    0x24000d30        -       0x00000004   Zero   RW         2817    .bss._ZL12target_speed  motor_task.o
    0x24000d34        -       0x00000001   Zero   RW         2816    .bss._ZL13motor_enabled  motor_task.o
    0x24000d35   0x0800f295   0x00000003   PAD
    0x24000d38        -       0x00000004   Zero   RW         2836    .bss._ZL15uart_task_count  uart_task.o
    0x24000d3c        -       0x00000004   Zero   RW         2820    .bss._ZZ15motor_task_procE9print_cnt  motor_task.o
    0x24000d40        -       0x00000070   Zero   RW           51    .bss.hadc1          adc.o
    0x24000db0        -       0x000000a0   Zero   RW           80    .bss.hfdcan1        fdcan.o
    0x24000e50        -       0x000000a0   Zero   RW           82    .bss.hfdcan3        fdcan.o
    0x24000ef0        -       0x000004e4   Zero   RW          384    .bss.hpcd_USB_OTG_HS  usbd_conf.o
    0x240013d4        -       0x00000088   Zero   RW          118    .bss.hspi1          spi.o
    0x2400145c        -       0x00000088   Zero   RW          120    .bss.hspi6          spi.o
    0x240014e4        -       0x0000004c   Zero   RW          146    .bss.htim12         tim.o
    0x24001530        -       0x0000004c   Zero   RW          144    .bss.htim2          tim.o
    0x2400157c        -       0x00000094   Zero   RW          170    .bss.huart1         usart.o
    0x24001610        -       0x00000094   Zero   RW          172    .bss.huart3         usart.o
    0x240016a4        -       0x00000004   Zero   RW         1542    .bss.uwTick         stm32h7xx_hal.o
    0x240016a8        -       0x00000800   Zero   RW            1    STACK               startup_stm32h723xx.o


==============================================================================

Image component sizes


      Code (inc. data)   RO Data    RW Data    ZI Data      Debug   Object Name

       490          0          0          0        232       9303   adc.o
       616        174          0          0          0       8668   bsp_fdcan.o
         8          0          0          0          0      18766   bsp_usart.o
       802        212          0          0       2720       4688   dm_motor_ctrl.o
      1028         40          0          0          0      20622   dm_motor_drv.o
        52          0          0          0          0       5405   dma.o
      1068          0          0          0        484      12093   fdcan.o
       424          0          0          0          0       3215   gpio.o
       550         20          4          0        288      22613   main.o
       784        172        153          0         21      22317   motor_task.o
       484          0          0          0         92       8998   octospi.o
       514          0          0          0          0      23235   scheduler.o
       792          0          0          0        408       9631   spi.o
        72         30        716          0       2560        864   startup_stm32h723xx.o
       198          0          0          5          4      15910   stm32h7xx_hal.o
      2452         12          0          0          0      27953   stm32h7xx_hal_adc.o
       258          0          0          0          0      28062   stm32h7xx_hal_adc_ex.o
       194          0          0          0          0      12435   stm32h7xx_hal_cortex.o
      6492         54          0          0          0      17789   stm32h7xx_hal_dma.o
      3022          0         92          0          0      41778   stm32h7xx_hal_fdcan.o
       696          0          0          0          0       6978   stm32h7xx_hal_gpio.o
        32          0          0          0          0       2233   stm32h7xx_hal_msp.o
      1506          0          0          0          0      27045   stm32h7xx_hal_ospi.o
      2962          0          0          0          0      16435   stm32h7xx_hal_pcd.o
       126          0          0          0          0       6090   stm32h7xx_hal_pcd_ex.o
        90          0          0          0          0       9576   stm32h7xx_hal_pwr_ex.o
      2700         16          0          0          0      11304   stm32h7xx_hal_rcc.o
      4780        182          0          0          0      17486   stm32h7xx_hal_rcc_ex.o
       426          0          0          0          0      21585   stm32h7xx_hal_spi.o
      2296          6          0          0          0      66624   stm32h7xx_hal_tim.o
       444          0          0          0          0      26227   stm32h7xx_hal_tim_ex.o
       160          0          0          0         76       9650   stm32h7xx_hal_timebase_tim.o
      3370        300         36          0          0      37226   stm32h7xx_hal_uart.o
       492          0         16          0          0      11169   stm32h7xx_hal_uart_ex.o
       216          0          0          0          0      13178   stm32h7xx_it.o
      2760          0          0          0          0      27680   stm32h7xx_ll_usb.o
       236          0         16          8          0       5627   system_stm32h7xx.o
      1112          0          0          0        304       9492   tim.o
       172         36          0          0        264      19121   uart_task.o
      1308          0          0          0        740      12809   usart.o
       108          0          0          0        732       3287   usb_device.o
      1130         12          0        133          0      11738   usbd_cdc.o
        84          0          0         20       4096       4920   usbd_cdc_if.o
       744          0          0          0       1796      22184   usbd_conf.o
       900          0          0          0          0      10830   usbd_core.o
      1468         32          0          0          1       9792   usbd_ctlreq.o
       324         72          0         80        512       3938   usbd_desc.o
       132          0          0          0          0       4754   usbd_ioreq.o

    ----------------------------------------------------------------------
     52070       1418       1100        256      15336     743323   Object Totals
         0          0         64          0          0          0   (incl. Generated)
       996         48          3         10          6          0   (incl. Padding)

    ----------------------------------------------------------------------

      Code (inc. data)   RO Data    RW Data    ZI Data      Debug   Library Member Name

         8          0          0          0          0         68   __main.o
       392          4         17          0          0         92   __printf_flags_ss_wp.o
        14          0          0          0          0         68   __printf_wp.o
         0          0          0          0          0          0   __rtentry.o
        12          0          0          0          0          0   __rtentry2.o
         6          0          0          0          0          0   __rtentry4.o
        94          8          0          0          0          0   __scatter.o
        26          0          0          0          0          0   __scatter_copy.o
        28          0          0          0          0          0   __scatter_zi.o
        72          0          0          0          0         96   _c16rtomb.o
         6          0          0          0          0          0   _printf_a.o
         6          0          0          0          0          0   _printf_c.o
        44          0          0          0          0        108   _printf_char.o
        48          6          0          0          0         96   _printf_char_common.o
        40          0          0          0          0         68   _printf_charcount.o
         6          0          0          0          0          0   _printf_d.o
       120         16          0          0          0         92   _printf_dec.o
         6          0          0          0          0          0   _printf_e.o
         6          0          0          0          0          0   _printf_f.o
      1052          0          0          0          0        148   _printf_fp_dec.o
       764          8         38          0          0        100   _printf_fp_hex.o
       128         16          0          0          0         84   _printf_fp_infnan.o
         6          0          0          0          0          0   _printf_g.o
       148          4         40          0          0        160   _printf_hex_int_ll_ptr.o
         6          0          0          0          0          0   _printf_i.o
       178          0          0          0          0         88   _printf_intcommon.o
        10          0          0          0          0          0   _printf_l.o
         6          0          0          0          0          0   _printf_lc.o
        10          0          0          0          0          0   _printf_ll.o
         6          0          0          0          0          0   _printf_lld.o
         6          0          0          0          0          0   _printf_lli.o
         6          0          0          0          0          0   _printf_llo.o
         6          0          0          0          0          0   _printf_llu.o
         6          0          0          0          0          0   _printf_llx.o
       124         16          0          0          0         92   _printf_longlong_dec.o
         6          0          0          0          0          0   _printf_ls.o
         6          0          0          0          0          0   _printf_n.o
         6          0          0          0          0          0   _printf_o.o
       112          8          0          0          0        124   _printf_oct_int_ll.o
         6          0          0          0          0          0   _printf_p.o
        78          0          0          0          0        108   _printf_pad.o
         0          0          0          0          0          0   _printf_percent.o
         4          0          0          0          0          0   _printf_percent_end.o
         6          0          0          0          0          0   _printf_s.o
        82          0          0          0          0         80   _printf_str.o
        36          0          0          0          0         84   _printf_truncate.o
         6          0          0          0          0          0   _printf_u.o
        44          0          0          0          0        108   _printf_wchar.o
       188          6          8          0          0         92   _printf_wctomb.o
         6          0          0          0          0          0   _printf_x.o
        22          0          0          0          0        100   _rserrno.o
        16          0          0          0          0         68   _snputc.o
       228          4        148          0          0         96   bigflt0.o
      1936        128          0          0          0        668   btod.o
        18          0          0          0          0         80   exit.o
         6          0          0          0          0        152   heapauxi.o
         0          0          0          0          0          0   indicate_semi.o
        44          8          0          0          0         80   init_aeabi.o
        44         10        272          0          0         76   lc_ctype_c.o
        44         10         28          0          0         76   lc_numeric_c.o
         2          0          0          0          0          0   libinit.o
        38          0          0          0          0          0   libinit2.o
         2          0          0          0          0          0   libshutdown.o
         2          0          0          0          0          0   libshutdown2.o
         8          4          0          0         96         68   libspace.o
       138          0          0          0          0         80   lludiv10.o
       240          0          0          0          0        100   lludivv7m.o
        16          4          0          0          0         76   rt_ctype_table.o
         8          4          0          0          0         68   rt_errno_addr_intlibspace.o
         8          4          0          0          0         68   rt_locale_intlibspace.o
        78          0          0          0          0         80   rt_memclr_w.o
         2          0          0          0          0          0   rtexit.o
        10          0          0          0          0          0   rtexit2.o
       124          0          0          0          0         88   strcmpv7m_pel.o
        12          4          0          0          0         68   sys_exit.o
        74          0          0          0          0         80   sys_stackheap_outer.o
         2          0          0          0          0         68   use_no_semi.o
        60          4          0          0          0         80   vsnprintf.o
        26          0          0          0          0        116   fpinit.o
         4          0          0          0          0        116   printf1.o
         4          0          0          0          0        116   printf2.o
         0          0          0          0          0          0   usenofp.o
        48          0          0          0          0        124   fpclassify.o
        38          0          0          0          0        116   fpclassifyf.o
        38         12          0          0          0        348   funder.o
       340         24         32          0          0        160   rredf.o
       400         56          0          0          0        212   sinf.o

    ----------------------------------------------------------------------
      8092        368        586          0         96       5584   Library Totals
        30          0          3          0          0          0   (incl. Padding)

    ----------------------------------------------------------------------

      Code (inc. data)   RO Data    RW Data    ZI Data      Debug   Library Name

      7164        276        551          0         96       4276   c_w.l
        34          0          0          0          0        348   fz_wv.l
       864         92         32          0          0        960   m_wv.l

    ----------------------------------------------------------------------
      8092        368        586          0         96       5584   Library Totals

    ----------------------------------------------------------------------

==============================================================================


      Code (inc. data)   RO Data    RW Data    ZI Data      Debug   

     60162       1786       1686        256      15432     744967   Grand Totals
     60162       1786       1686        256      15432     744967   ELF Image Totals
     60162       1786       1686        256          0          0   ROM Totals

==============================================================================

    Total RO  Size (Code + RO Data)                61848 (  60.40kB)
    Total RW  Size (RW Data + ZI Data)             15688 (  15.32kB)
    Total ROM Size (Code + RO Data + RW Data)      62104 (  60.65kB)

==============================================================================

