<html>
<body>
<pre>
<h1>µVision Build Log</h1>
<h2>Tool Versions:</h2>
IDE-Version: ¦ÌVision V5.39.0.0
Copyright (C) 2023 ARM Ltd and ARM Germany GmbH. All rights reserved.
License Information: Turin S, CN.IC, LIC=PE7DL-0A4SL-Y8PFK-ZNFI0-LW2ZX-Q32UT
 
Tool Versions:
Toolchain:       MDK-ARM Plus  Version: 5.39.0.0
Toolchain Path:  D:\keil5\ARM\ARMCLANG\Bin
C Compiler:      ArmClang.exe V6.21
Assembler:       Armasm.exe V6.21
Linker/Locator:  ArmLink.exe V6.21
Library Manager: ArmAr.exe V6.21
Hex Converter:   FromElf.exe V6.21
CPU DLL:         SARMCM3.DLL V5.39.0.0
Dialog DLL:      DCM.DLL V1.17.5.0
Target DLL:      UL2CM3.DLL V1.164.9.0
Dialog DLL:      TCM.DLL V1.56.4.0
 
<h2>Project:</h2>
S:\6_rt_thread_project\robomaster\1_DM_stm32h7_project\Test\MDK-ARM\TEFCtrl_DMstm32H7_template.uvprojx
Project File Date:  01/09/2026

<h2>Output:</h2>
*** Using Compiler 'V6.21', folder: 'D:\keil5\ARM\ARMCLANG\Bin'
Build target 'TEFCtrl_DMstm32H7_template'
compiling gpio.c...
compiling tim.c...
compiling usart.c...
compiling adc.c...
compiling spi.c...
compiling stm32h7xx_hal_msp.c...
compiling dma.c...
compiling usb_device.c...
compiling stm32h7xx_hal_timebase_tim.c...
compiling memorymap.c...
compiling fdcan.c...
compiling stm32h7xx_it.c...
compiling octospi.c...
compiling main.c...
compiling usbd_desc.c...
compiling usbd_cdc_if.c...
compiling usbd_conf.c...
compiling stm32h7xx_hal_pcd_ex.c...
compiling stm32h7xx_hal_pcd.c...
compiling stm32h7xx_hal_tim_ex.c...
compiling stm32h7xx_hal_rcc.c...
compiling stm32h7xx_hal_flash.c...
compiling stm32h7xx_hal_flash_ex.c...
compiling stm32h7xx_ll_usb.c...
compiling stm32h7xx_hal_hsem.c...
compiling stm32h7xx_hal_gpio.c...
compiling stm32h7xx_hal_rcc_ex.c...
compiling stm32h7xx_hal_tim.c...
compiling stm32h7xx_hal_dma_ex.c...
compiling stm32h7xx_hal_pwr.c...
compiling stm32h7xx_hal_pwr_ex.c...
compiling stm32h7xx_hal_mdma.c...
compiling stm32h7xx_hal_cortex.c...
compiling stm32h7xx_hal_dma.c...
compiling stm32h7xx_hal.c...
compiling stm32h7xx_hal_i2c_ex.c...
compiling stm32h7xx_hal_exti.c...
compiling stm32h7xx_hal_spi_ex.c...
compiling stm32h7xx_hal_adc.c...
compiling stm32h7xx_hal_adc_ex.c...
compiling system_stm32h7xx.c...
compiling stm32h7xx_hal_uart_ex.c...
compiling stm32h7xx_hal_spi.c...
compiling stm32h7xx_hal_ospi.c...
compiling usbd_core.c...
compiling stm32h7xx_hal_fdcan.c...
compiling usbd_ioreq.c...
compiling usbd_ctlreq.c...
compiling bsp_fdcan.c...
compiling usbd_cdc.c...
compiling stm32h7xx_hal_i2c.c...
compiling stm32h7xx_hal_uart.c...
compiling math.c...
compiling delay.c...
../application/app/algorithm/PID/pid.c(149): warning: non-void function does not return a value [-Wreturn-type]
  149 | }
      | ^
1 warning generated.
compiling pid.c...
compiling dm_motor_ctrl.c...
compiling pid_test_app.c...
compiling ringbuffer.c...
compiling dm_motor_drv.c...
compiling bsp_usart.cpp...
compiling motor_task.cpp...
compiling uart_task.cpp...
compiling scheduler.cpp...
linking...
Program Size: Code=60042 RO-data=1722 RW-data=256 ZI-data=15432  
FromELF: creating hex file...
"Test\Test.axf" - 0 Error(s), 1 Warning(s).

<h2>Software Packages used:</h2>

Package Vendor: ARM
                http://www.keil.com/pack/ARM.CMSIS.5.9.0.pack
                ARM::CMSIS@5.9.0
                CMSIS (Common Microcontroller Software Interface Standard)
   * Component: CORE Version: 5.6.0

Package Vendor: Keil
                https://www.keil.com/pack/Keil.STM32H7xx_DFP.4.0.0.pack
                Keil::STM32H7xx_DFP@4.0.0
                STMicroelectronics STM32H7 Series Device Support

<h2>Collection of Component include folders:</h2>
  ./RTE/_TEFCtrl_DMstm32H7_template
  D:/keil5/ARM/PACK/ARM/CMSIS/5.9.0/CMSIS/Core/Include

<h2>Collection of Component Files used:</h2>

   * Component: ARM::CMSIS:CORE@5.6.0
      Include file:  CMSIS/Core/Include/tz_context.h
Build Time Elapsed:  00:00:09
</pre>
</body>
</html>
